Product: MDK-ARM Professional 5.10
Component: ARM Compiler 5.04 update 1 (build 49)
Tool: armlink [5040049]

==============================================================================

Section Cross References

    main.o(i.main) refers to ano_init.o(i.sys_init) for sys_init
    main.o(i.main) refers to loop.o(i.main_loop) for main_loop
    loop.o(i.Duty_20ms) refers to ano_drv_led.o(i.LED_Dyty) for LED_Dyty
    loop.o(i.Duty_2ms) refers to ano_data_transfer.o(i.ANO_DT_Data_Exchange) for ANO_DT_Data_Exchange
    loop.o(i.Duty_2ms) refers to bsp_systick.o(i.GetSysTime_us) for GetSysTime_us
    loop.o(i.Duty_2ms) refers to ano_drv_mpu6050.o(i.MPU6050_Data_Prepare) for MPU6050_Data_Prepare
    loop.o(i.Duty_2ms) refers to ano_rc.o(i.RC_duty) for RC_duty
    loop.o(i.Duty_2ms) refers to fflti.o(.text) for __aeabi_i2f
    loop.o(i.Duty_2ms) refers to ano_ctrl.o(i.CTRL_Duty) for CTRL_Duty
    loop.o(i.Duty_2ms) refers to loop.o(.bss) for test_time
    loop.o(i.Duty_2ms) refers to ano_rc.o(.bss) for CH_N
    loop.o(i.Duty_50ms) refers to ano_param.o(i.PID_Save_Overtime) for PID_Save_Overtime
    loop.o(i.Duty_50ms) refers to ano_voltage.o(i.voltage_check) for voltage_check
    loop.o(i.Duty_6ms) refers to bsp_systick.o(i.GetSysTime_us) for GetSysTime_us
    loop.o(i.Duty_6ms) refers to ano_imu.o(i.IMU_update) for IMU_update
    loop.o(i.Duty_6ms) refers to loop.o(.bss) for test_time
    loop.o(i.Duty_6ms) refers to ano_imu.o(.data) for imu_data
    loop.o(i.Duty_6ms) refers to ano_drv_mpu6050.o(.bss) for sensor
    loop.o(i.Loop_check) refers to ano_drv_led.o(i.LED_1ms_DRV) for LED_1ms_DRV
    loop.o(i.Loop_check) refers to loop.o(.bss) for loop
    loop.o(i.main_loop) refers to loop.o(i.Duty_2ms) for Duty_2ms
    loop.o(i.main_loop) refers to loop.o(i.Duty_6ms) for Duty_6ms
    loop.o(i.main_loop) refers to loop.o(i.Duty_10ms) for Duty_10ms
    loop.o(i.main_loop) refers to loop.o(i.Duty_20ms) for Duty_20ms
    loop.o(i.main_loop) refers to loop.o(i.Duty_50ms) for Duty_50ms
    loop.o(i.main_loop) refers to nrf24l01.o(i.Nrf_Check_Event) for Nrf_Check_Event
    loop.o(i.main_loop) refers to loop.o(.bss) for loop
    ano_ctrl.o(i.CTRL_0) refers to ano_pid.o(i.PID_calculate) for PID_calculate
    ano_ctrl.o(i.CTRL_0) refers to ano_ctrl.o(.bss) for val_0_hs
    ano_ctrl.o(i.CTRL_0_PID_Init) refers to fflti.o(.text) for __aeabi_i2f
    ano_ctrl.o(i.CTRL_0_PID_Init) refers to fmul.o(.text) for __aeabi_fmul
    ano_ctrl.o(i.CTRL_0_PID_Init) refers to ano_param.o(.bss) for ANO_Param
    ano_ctrl.o(i.CTRL_0_PID_Init) refers to ano_ctrl.o(.bss) for arg_0_hs
    ano_ctrl.o(i.CTRL_1) refers to fmul.o(.text) for __aeabi_fmul
    ano_ctrl.o(i.CTRL_1) refers to ano_pid.o(i.PID_calculate) for PID_calculate
    ano_ctrl.o(i.CTRL_1) refers to ano_ctrl.o(.bss) for val_1_rol
    ano_ctrl.o(i.CTRL_1_PID_Init) refers to fflti.o(.text) for __aeabi_i2f
    ano_ctrl.o(i.CTRL_1_PID_Init) refers to fmul.o(.text) for __aeabi_fmul
    ano_ctrl.o(i.CTRL_1_PID_Init) refers to ano_param.o(.bss) for ANO_Param
    ano_ctrl.o(i.CTRL_1_PID_Init) refers to ano_ctrl.o(.bss) for arg_1_rol
    ano_ctrl.o(i.CTRL_2) refers to fmul.o(.text) for __aeabi_fmul
    ano_ctrl.o(i.CTRL_2) refers to ano_pid.o(i.PID_calculate) for PID_calculate
    ano_ctrl.o(i.CTRL_2) refers to ano_ctrl.o(.bss) for val_2_rol
    ano_ctrl.o(i.CTRL_2_PID_Init) refers to fflti.o(.text) for __aeabi_i2f
    ano_ctrl.o(i.CTRL_2_PID_Init) refers to fmul.o(.text) for __aeabi_fmul
    ano_ctrl.o(i.CTRL_2_PID_Init) refers to ano_param.o(.bss) for ANO_Param
    ano_ctrl.o(i.CTRL_2_PID_Init) refers to ano_ctrl.o(.bss) for arg_2_rol
    ano_ctrl.o(i.CTRL_Duty) refers to fflti.o(.text) for __aeabi_i2f
    ano_ctrl.o(i.CTRL_Duty) refers to cfcmple.o(.text) for __aeabi_cfcmple
    ano_ctrl.o(i.CTRL_Duty) refers to fadd.o(.text) for __aeabi_fadd
    ano_ctrl.o(i.CTRL_Duty) refers to bsp_systick.o(i.GetSysTime_us) for GetSysTime_us
    ano_ctrl.o(i.CTRL_Duty) refers to ffltui.o(.text) for __aeabi_ui2f
    ano_ctrl.o(i.CTRL_Duty) refers to fmul.o(.text) for __aeabi_fmul
    ano_ctrl.o(i.CTRL_Duty) refers to ano_ctrl.o(i.headless_mode) for headless_mode
    ano_ctrl.o(i.CTRL_Duty) refers to cfrcmple.o(.text) for __aeabi_cfrcmple
    ano_ctrl.o(i.CTRL_Duty) refers to ano_ctrl.o(i.CTRL_2) for CTRL_2
    ano_ctrl.o(i.CTRL_Duty) refers to fdiv.o(.text) for __aeabi_fdiv
    ano_ctrl.o(i.CTRL_Duty) refers to mymath.o(i.my_deadzone) for my_deadzone
    ano_ctrl.o(i.CTRL_Duty) refers to ano_ctrl.o(i.CTRL_1) for CTRL_1
    ano_ctrl.o(i.CTRL_Duty) refers to ano_data.o(.data) for flag
    ano_ctrl.o(i.CTRL_Duty) refers to ano_ctrl.o(.data) for ctrl_2_cnt
    ano_ctrl.o(i.CTRL_Duty) refers to ano_ctrl.o(.bss) for ctrl_2
    ano_ctrl.o(i.CTRL_Duty) refers to ano_imu.o(.data) for imu_data
    ano_ctrl.o(i.CTRL_Duty) refers to ano_drv_mpu6050.o(.bss) for sensor
    ano_ctrl.o(i.CTRL_Duty) refers to filter.o(i.LPF_1) for LPF_1
    ano_ctrl.o(i.CTRL_Duty) refers to ano_ctrl.o(i.CTRL_0) for CTRL_0
[...]
    .data                                    0x200000fc   Section        2  ano_voltage.o(.data)
    .data                                    0x200000fe   Section        1  receive.o(.data)
    flag_Lock                                0x200000fe   Data           1  receive.o(.data)
    .data                                    0x20000100   Section        4  ano_drv_adc.o(.data)
    .data                                    0x20000104   Section       18  ano_drv_led.o(.data)
    led_cnt                                  0x2000010e   Data           2  ano_drv_led.o(.data)
    dir                                      0x20000110   Data           1  ano_drv_led.o(.data)
    ms_cnt                                   0x20000112   Data           2  ano_drv_led.o(.data)
    group_n_cnt                              0x20000114   Data           2  ano_drv_led.o(.data)
    .data                                    0x20000116   Section       12  ano_drv_mpu6050.o(.data)
    .data                                    0x20000122   Section       12  ano_drv_uart.o(.data)
    .data                                    0x20000130   Section        8  bsp_systick.o(.data)
    .data                                    0x20000138   Section        1  i2c_soft.o(.data)
    .data                                    0x2000013c   Section     1028  mymath.o(.data)
    .data                                    0x20000540   Section        8  time.o(.data)
    .data                                    0x20000548   Section       11  nrf24l01.o(.data)
    .data                                    0x20000554   Section       20  system_stm32f10x.o(.data)
    .data                                    0x20000568   Section       20  stm32f10x_rcc.o(.data)
    APBAHBPrescTable                         0x20000568   Data          16  stm32f10x_rcc.o(.data)
    ADCPrescTable                            0x20000578   Data           4  stm32f10x_rcc.o(.data)
    .data                                    0x2000057c   Section        3  usb_core.o(.data)
    .data                                    0x20000580   Section       20  usb_init.o(.data)
    .data                                    0x20000594   Section        4  usb_int.o(.data)
    .data                                    0x20000598   Section       26  usb_desc.o(.data)
    .data                                    0x200005b2   Section        1  usb_endp.o(.data)
    .data                                    0x200005b4   Section       60  usb_istr.o(.data)
    .data                                    0x200005f0   Section      156  usb_prop.o(.data)
    .data                                    0x2000068c   Section        7  usb_pwr.o(.data)
    .data                                    0x20000694   Section        4  errno.o(.data)
    _errno                                   0x20000694   Data           4  errno.o(.data)
    .bss                                     0x20000698   Section       60  loop.o(.bss)
    .bss                                     0x200006d4   Section      528  ano_ctrl.o(.bss)
    .bss                                     0x200008e4   Section       12  ano_imu.o(.bss)
    .bss                                     0x200008f0   Section      160  ano_param.o(.bss)
    .bss                                     0x20000990   Section      119  ano_data_transfer.o(.bss)
    RxBuffer                                 0x200009d5   Data          50  ano_data_transfer.o(.bss)
    .bss                                     0x20000a08   Section       32  ano_rc.o(.bss)
    .bss                                     0x20000a28   Section       20  receive.o(.bss)
    .bss                                     0x20000a3c   Section      320  ano_drv_hid.o(.bss)
    .bss                                     0x20000b7c   Section      808  ano_drv_mpu6050.o(.bss)
    .bss                                     0x20000ea4   Section      288  ano_drv_uart.o(.bss)
    .bss                                     0x20000fc4   Section      128  nrf24l01.o(.bss)
    .bss                                     0x20001044   Section       28  usb_init.o(.bss)
    .bss                                     0x20001060   Section       64  usb_endp.o(.bss)
    STACK                                    0x200010a0   Section     1024  startup_stm32f10x_md.o(STACK)

    Global Symbols

    Symbol Name                              Value     Ov Type        Size  Object(Section)

    BuildAttributes$$THM_ISAv4$P$D$K$B$S$PE$A:L22UL41UL21$X:L11$S22US41US21$IEEE1$IW$USESV6$~STKCKD$USESV7$~SHL$OTIME$ROPI$IEEEX$EBA8$MICROLIB$REQ8$PRES8$EABIv2 0x00000000   Number         0  anon$$obj.o ABSOLUTE
    __ARM_use_no_argv                        0x00000000   Number         0  main.o ABSOLUTE
    __cpp_initialize__aeabi_                  - Undefined Weak Reference
    __cxa_finalize                            - Undefined Weak Reference
    _clock_init                               - Undefined Weak Reference
    _microlib_exit                            - Undefined Weak Reference
    __Vectors_Size                           0x000000ec   Number         0  startup_stm32f10x_md.o ABSOLUTE
    __Vectors                                0x08000000   Data           4  startup_stm32f10x_md.o(RESET)
    __Vectors_End                            0x080000ec   Data           0  startup_stm32f10x_md.o(RESET)
    __main                                   0x080000ed   Thumb Code     0  entry.o(.ARM.Collect$$$$00000000)
    _main_stk                                0x080000ed   Thumb Code     0  entry2.o(.ARM.Collect$$$$00000001)
    _main_scatterload                        0x080000f1   Thumb Code     0  entry5.o(.ARM.Collect$$$$00000004)
    __main_after_scatterload                 0x080000f5   Thumb Code     0  entry5.o(.ARM.Collect$$$$00000004)
    _main_clock                              0x080000f5   Thumb Code     0  entry7b.o(.ARM.Collect$$$$00000008)
    _main_cpp_init                           0x080000f5   Thumb Code     0  entry8b.o(.ARM.Collect$$$$0000000A)
    _main_init                               0x080000f5   Thumb Code     0  entry9a.o(.ARM.Collect$$$$0000000B)
    __rt_final_cpp                           0x080000fd   Thumb Code     0  entry10a.o(.ARM.Collect$$$$0000000D)
    __rt_final_exit                          0x080000fd   Thumb Code     0  entry11a.o(.ARM.Collect$$$$0000000F)
    Reset_Handler                            0x08000101   Thumb Code     8  startup_stm32f10x_md.o(.text)
    NMI_Handler                              0x08000109   Thumb Code     2  startup_stm32f10x_md.o(.text)
    HardFault_Handler                        0x0800010b   Thumb Code     2  startup_stm32f10x_md.o(.text)
    MemManage_Handler                        0x0800010d   Thumb Code     2  startup_stm32f10x_md.o(.text)
    BusFault_Handler                         0x0800010f   Thumb Code     2  startup_stm32f10x_md.o(.text)
    UsageFault_Handler                       0x08000111   Thumb Code     2  startup_stm32f10x_md.o(.text)
    SVC_Handler                              0x08000113   Thumb Code     2  startup_stm32f10x_md.o(.text)
    DebugMon_Handler                         0x08000115   Thumb Code     2  startup_stm32f10x_md.o(.text)
    PendSV_Handler                           0x08000117   Thumb Code     2  startup_stm32f10x_md.o(.text)
    ADC1_2_IRQHandler                        0x0800011b   Thumb Code     0  startup_stm32f10x_md.o(.text)
    CAN1_RX1_IRQHandler                      0x0800011b   Thumb Code     0  startup_stm32f10x_md.o(.text)
    CAN1_SCE_IRQHandler                      0x0800011b   Thumb Code     0  startup_stm32f10x_md.o(.text)
    DMA1_Channel1_IRQHandler                 0x0800011b   Thumb Code     0  startup_stm32f10x_md.o(.text)
    DMA1_Channel2_IRQHandler                 0x0800011b   Thumb Code     0  startup_stm32f10x_md.o(.text)
    DMA1_Channel3_IRQHandler                 0x0800011b   Thumb Code     0  startup_stm32f10x_md.o(.text)
    DMA1_Channel4_IRQHandler                 0x0800011b   Thumb Code     0  startup_stm32f10x_md.o(.text)
    DMA1_Channel5_IRQHandler                 0x0800011b   Thumb Code     0  startup_stm32f10x_md.o(.text)
    DMA1_Channel6_IRQHandler                 0x0800011b   Thumb Code     0  startup_stm32f10x_md.o(.text)
    DMA1_Channel7_IRQHandler                 0x0800011b   Thumb Code     0  startup_stm32f10x_md.o(.text)
    EXTI0_IRQHandler                         0x0800011b   Thumb Code     0  startup_stm32f10x_md.o(.text)
    EXTI15_10_IRQHandler                     0x0800011b   Thumb Code     0  startup_stm32f10x_md.o(.text)
    EXTI1_IRQHandler                         0x0800011b   Thumb Code     0  startup_stm32f10x_md.o(.text)
    EXTI2_IRQHandler                         0x0800011b   Thumb Code     0  startup_stm32f10x_md.o(.text)
    EXTI3_IRQHandler                         0x0800011b   Thumb Code     0  startup_stm32f10x_md.o(.text)
    EXTI4_IRQHandler                         0x0800011b   Thumb Code     0  startup_stm32f10x_md.o(.text)
    EXTI9_5_IRQHandler                       0x0800011b   Thumb Code     0  startup_stm32f10x_md.o(.text)
    FLASH_IRQHandler                         0x0800011b   Thumb Code     0  startup_stm32f10x_md.o(.text)
    I2C1_ER_IRQHandler                       0x0800011b   Thumb Code     0  startup_stm32f10x_md.o(.text)
    I2C1_EV_IRQHandler                       0x0800011b   Thumb Code     0  startup_stm32f10x_md.o(.text)
    I2C2_ER_IRQHandler                       0x0800011b   Thumb Code     0  startup_stm32f10x_md.o(.text)
    I2C2_EV_IRQHandler                       0x0800011b   Thumb Code     0  startup_stm32f10x_md.o(.text)
    PVD_IRQHandler                           0x0800011b   Thumb Code     0  startup_stm32f10x_md.o(.text)
    RCC_IRQHandler                           0x0800011b   Thumb Code     0  startup_stm32f10x_md.o(.text)
    RTCAlarm_IRQHandler                      0x0800011b   Thumb Code     0  startup_stm32f10x_md.o(.text)
    RTC_IRQHandler                           0x0800011b   Thumb Code     0  startup_stm32f10x_md.o(.text)
    SPI1_IRQHandler                          0x0800011b   Thumb Code     0  startup_stm32f10x_md.o(.text)
    SPI2_IRQHandler                          0x0800011b   Thumb Code     0  startup_stm32f10x_md.o(.text)
    TAMPER_IRQHandler                        0x0800011b   Thumb Code     0  startup_stm32f10x_md.o(.text)
    TIM1_BRK_IRQHandler                      0x0800011b   Thumb Code     0  startup_stm32f10x_md.o(.text)
    TIM1_CC_IRQHandler                       0x0800011b   Thumb Code     0  startup_stm32f10x_md.o(.text)
    TIM1_TRG_COM_IRQHandler                  0x0800011b   Thumb Code     0  startup_stm32f10x_md.o(.text)
    TIM1_UP_IRQHandler                       0x0800011b   Thumb Code     0  startup_stm32f10x_md.o(.text)
    TIM2_IRQHandler                          0x0800011b   Thumb Code     0  startup_stm32f10x_md.o(.text)
    TIM3_IRQHandler                          0x0800011b   Thumb Code     0  startup_stm32f10x_md.o(.text)
    TIM4_IRQHandler                          0x0800011b   Thumb Code     0  startup_stm32f10x_md.o(.text)
    USART2_IRQHandler                        0x0800011b   Thumb Code     0  startup_stm32f10x_md.o(.text)
    USBWakeUp_IRQHandler                     0x0800011b   Thumb Code     0  startup_stm32f10x_md.o(.text)
    WWDG_IRQHandler                          0x0800011b   Thumb Code     0  startup_stm32f10x_md.o(.text)
    __aeabi_fadd                             0x08000125   Thumb Code   164  fadd.o(.text)
    __aeabi_fsub                             0x080001c9   Thumb Code     6  fadd.o(.text)
    __aeabi_frsub                            0x080001cf   Thumb Code     6  fadd.o(.text)
    __aeabi_fmul                             0x080001d5   Thumb Code   100  fmul.o(.text)
    __aeabi_fdiv                             0x08000239   Thumb Code   124  fdiv.o(.text)
    __aeabi_dadd                             0x080002b5   Thumb Code   322  dadd.o(.text)
    __aeabi_dsub                             0x080003f7   Thumb Code     6  dadd.o(.text)
    __aeabi_drsub                            0x080003fd   Thumb Code     6  dadd.o(.text)
    __aeabi_dmul                             0x08000403   Thumb Code   228  dmul.o(.text)
    __aeabi_i2f                              0x080004e7   Thumb Code    18  fflti.o(.text)
    __aeabi_ui2f                             0x080004f9   Thumb Code    10  ffltui.o(.text)
    __aeabi_f2iz                             0x08000503   Thumb Code    50  ffixi.o(.text)
    __aeabi_f2uiz                            0x08000535   Thumb Code    40  ffixui.o(.text)
    __aeabi_f2d                              0x0800055d   Thumb Code    38  f2d.o(.text)
    __aeabi_d2f                              0x08000583   Thumb Code    56  d2f.o(.text)
    __aeabi_cfcmpeq                          0x080005bd   Thumb Code     0  cfcmple.o(.text)
    __aeabi_cfcmple                          0x080005bd   Thumb Code    20  cfcmple.o(.text)
    __aeabi_cfrcmple                         0x080005d1   Thumb Code    20  cfrcmple.o(.text)
    __aeabi_llsl                             0x080005e5   Thumb Code    30  llshl.o(.text)
    _ll_shift_l                              0x080005e5   Thumb Code     0  llshl.o(.text)
    __aeabi_lasr                             0x08000603   Thumb Code    36  llsshr.o(.text)
    _ll_sshift_r                             0x08000603   Thumb Code     0  llsshr.o(.text)
    __I$use$fp                               0x08000627   Thumb Code     0  iusefp.o(.text)
    _float_round                             0x08000627   Thumb Code    18  fepilogue.o(.text)
    _float_epilogue                          0x08000639   Thumb Code    92  fepilogue.o(.text)
    _double_round                            0x08000695   Thumb Code    26  depilogue.o(.text)
    _double_epilogue                         0x080006af   Thumb Code   156  depilogue.o(.text)
    __aeabi_ddiv                             0x0800074b   Thumb Code   222  ddiv.o(.text)
    __ARM_scalbn                             0x08000829   Thumb Code    46  dscalb.o(.text)
    scalbn                                   0x08000829   Thumb Code     0  dscalb.o(.text)
    _dsqrt                                   0x08000857   Thumb Code   162  dsqrt.o(.text)
    __scatterload                            0x080008f9   Thumb Code    28  init.o(.text)
    __scatterload_rt2                        0x080008f9   Thumb Code     0  init.o(.text)
    __aeabi_llsr                             0x0800091d   Thumb Code    32  llushr.o(.text)
    _ll_ushift_r                             0x0800091d   Thumb Code     0  llushr.o(.text)
    __decompress                             0x0800093d   Thumb Code     0  __dczerorl2.o(.text)
    __decompress1                            0x0800093d   Thumb Code    86  __dczerorl2.o(.text)
    ADC1_Init                                0x080009d5   Thumb Code    12  ano_drv_adc.o(i.ADC1_Init)
    ADC_Cmd                                  0x08000ac1   Thumb Code    22  stm32f10x_adc.o(i.ADC_Cmd)
    ADC_DMACmd                               0x08000ad7   Thumb Code    22  stm32f10x_adc.o(i.ADC_DMACmd)
    ADC_GetCalibrationStatus                 0x08000aed   Thumb Code    20  stm32f10x_adc.o(i.ADC_GetCalibrationStatus)
    ADC_GetResetCalibrationStatus            0x08000b01   Thumb Code    20  stm32f10x_adc.o(i.ADC_GetResetCalibrationStatus)
    ADC_Init                                 0x08000b15   Thumb Code    70  stm32f10x_adc.o(i.ADC_Init)
    ADC_RegularChannelConfig                 0x08000b65   Thumb Code   184  stm32f10x_adc.o(i.ADC_RegularChannelConfig)
    ADC_ResetCalibration                     0x08000c1d   Thumb Code    10  stm32f10x_adc.o(i.ADC_ResetCalibration)
    ADC_SoftwareStartConvCmd                 0x08000c27   Thumb Code    22  stm32f10x_adc.o(i.ADC_SoftwareStartConvCmd)
    ADC_StartCalibration                     0x08000c3d   Thumb Code    10  stm32f10x_adc.o(i.ADC_StartCalibration)
    ANO_DT_Data_Exchange                     0x08000c49   Thumb Code  1194  ano_data_transfer.o(i.ANO_DT_Data_Exchange)
    ANO_DT_Data_Receive_Anl                  0x080010f9   Thumb Code   706  ano_data_transfer.o(i.ANO_DT_Data_Receive_Anl)
    ANO_DT_Data_Receive_Prepare              0x080013d9   Thumb Code   216  ano_data_transfer.o(i.ANO_DT_Data_Receive_Prepare)
    ANO_DT_Send_Data                         0x08001505   Thumb Code    16  ano_data_transfer.o(i.ANO_DT_Send_Data)
    ANO_DT_Send_MotoPWM                      0x08001519   Thumb Code   294  ano_data_transfer.o(i.ANO_DT_Send_MotoPWM)
    ANO_DT_Send_PID                          0x08001689   Thumb Code   382  ano_data_transfer.o(i.ANO_DT_Send_PID)
    ANO_DT_Send_Power                        0x0800180d   Thumb Code   136  ano_data_transfer.o(i.ANO_DT_Send_Power)
    ANO_DT_Send_RCData                       0x08001899   Thumb Code   350  ano_data_transfer.o(i.ANO_DT_Send_RCData)
    ANO_DT_Send_Senser                       0x080019fd   Thumb Code   406  ano_data_transfer.o(i.ANO_DT_Send_Senser)
    ANO_DT_Send_Status                       0x08001b99   Thumb Code   316  ano_data_transfer.o(i.ANO_DT_Send_Status)
    ANO_DT_Send_User                         0x08001cdd   Thumb Code   234  ano_data_transfer.o(i.ANO_DT_Send_User)
    ANO_DT_Send_Version                      0x08001dd5   Thumb Code   192  ano_data_transfer.o(i.ANO_DT_Send_Version)
    ANO_Flash_Read                           0x08001e99   Thumb Code    62  ano_drv_flash.o(i.ANO_Flash_Read)
    ANO_Flash_Write                          0x08001edd   Thumb Code   100  ano_drv_flash.o(i.ANO_Flash_Write)
    ANO_LED_0_OFF                            0x08001f45   Thumb Code    10  ano_drv_led.o(i.ANO_LED_0_OFF)
    ANO_LED_0_ON                             0x08001f55   Thumb Code    10  ano_drv_led.o(i.ANO_LED_0_ON)
    ANO_LED_Init                             0x08001f65   Thumb Code    56  ano_drv_led.o(i.ANO_LED_Init)
    ANO_Param_Init                           0x08001fa5   Thumb Code   136  ano_param.o(i.ANO_Param_Init)
    ANO_Param_Read                           0x08002031   Thumb Code    24  ano_param.o(i.ANO_Param_Read)
    ANO_Param_Save                           0x0800204d   Thumb Code    16  ano_param.o(i.ANO_Param_Save)
    ANO_SPI_CSN_H                            0x08002061   Thumb Code    14  ano_drv_spi.o(i.ANO_SPI_CSN_H)
    ANO_SPI_CSN_L                            0x08002075   Thumb Code    14  ano_drv_spi.o(i.ANO_SPI_CSN_L)
    ANO_SPI_Init                             0x08002089   Thumb Code   162  ano_drv_spi.o(i.ANO_SPI_Init)
    ANO_SPI_RW                               0x08002139   Thumb Code    50  ano_drv_spi.o(i.ANO_SPI_RW)
    ByteSwap                                 0x08002171   Thumb Code    12  usb_regs.o(i.ByteSwap)
    CTRL_0                                   0x0800217d   Thumb Code    48  ano_ctrl.o(i.CTRL_0)
    CTRL_0_PID_Init                          0x080021b5   Thumb Code   104  ano_ctrl.o(i.CTRL_0_PID_Init)
    CTRL_1                                   0x0800222d   Thumb Code   112  ano_ctrl.o(i.CTRL_1)
    CTRL_1_PID_Init                          0x080022bd   Thumb Code   302  ano_ctrl.o(i.CTRL_1_PID_Init)
    CTRL_2                                   0x08002409   Thumb Code   112  ano_ctrl.o(i.CTRL_2)
    CTRL_2_PID_Init                          0x08002495   Thumb Code   274  ano_ctrl.o(i.CTRL_2_PID_Init)
    CTRL_Duty                                0x080025c9   Thumb Code  1572  ano_ctrl.o(i.CTRL_Duty)
    CTR_LP                                   0x08002c39   Thumb Code   774  usb_int.o(i.CTR_LP)
    ClearDTOG_RX                             0x08002f61   Thumb Code    46  usb_regs.o(i.ClearDTOG_RX)
    ClearDTOG_TX                             0x08002f95   Thumb Code    46  usb_regs.o(i.ClearDTOG_TX)
    Clear_Status_Out                         0x08002fc9   Thumb Code    28  usb_regs.o(i.Clear_Status_Out)
    CustomHID_Data_Setup                     0x08002fe9   Thumb Code   108  usb_prop.o(i.CustomHID_Data_Setup)
    CustomHID_GetConfigDescriptor            0x08003065   Thumb Code    14  usb_prop.o(i.CustomHID_GetConfigDescriptor)
    CustomHID_GetDeviceDescriptor            0x08003079   Thumb Code    14  usb_prop.o(i.CustomHID_GetDeviceDescriptor)
    CustomHID_GetHIDDescriptor               0x0800308d   Thumb Code    14  usb_prop.o(i.CustomHID_GetHIDDescriptor)
    CustomHID_GetProtocolValue               0x080030a1   Thumb Code    20  usb_prop.o(i.CustomHID_GetProtocolValue)
    CustomHID_GetReportDescriptor            0x080030bd   Thumb Code    14  usb_prop.o(i.CustomHID_GetReportDescriptor)
    CustomHID_GetStringDescriptor            0x080030d1   Thumb Code    32  usb_prop.o(i.CustomHID_GetStringDescriptor)
    CustomHID_Get_Interface_Setting          0x080030f9   Thumb Code    22  usb_prop.o(i.CustomHID_Get_Interface_Setting)
    CustomHID_NoData_Setup                   0x08003111   Thumb Code    32  usb_prop.o(i.CustomHID_NoData_Setup)
    CustomHID_Reset                          0x08003135   Thumb Code   176  usb_prop.o(i.CustomHID_Reset)
    CustomHID_SetConfiguration               0x080031f5   Thumb Code    16  usb_prop.o(i.CustomHID_SetConfiguration)
    CustomHID_SetDeviceAddress               0x0800320d   Thumb Code     8  usb_prop.o(i.CustomHID_SetDeviceAddress)
    CustomHID_SetProtocol                    0x08003219   Thumb Code    14  usb_prop.o(i.CustomHID_SetProtocol)
    CustomHID_Status_In                      0x08003231   Thumb Code     2  usb_prop.o(i.CustomHID_Status_In)
    CustomHID_Status_Out                     0x08003233   Thumb Code     2  usb_prop.o(i.CustomHID_Status_Out)
    CustomHID_init                           0x08003235   Thumb Code    50  usb_prop.o(i.CustomHID_init)
    DMA_Cmd                                  0x08003279   Thumb Code    24  stm32f10x_dma.o(i.DMA_Cmd)
    DMA_DeInit                               0x08003291   Thumb Code   324  stm32f10x_dma.o(i.DMA_DeInit)
    DMA_Init                                 0x080033dd   Thumb Code    60  stm32f10x_dma.o(i.DMA_Init)
    Delay_ms                                 0x0800382d   Thumb Code    26  bsp_systick.o(i.Delay_ms)
    Delay_us                                 0x08003847   Thumb Code    24  bsp_systick.o(i.Delay_us)
    Duty_10ms                                0x0800385f   Thumb Code     2  loop.o(i.Duty_10ms)
    Duty_20ms                                0x08003861   Thumb Code    10  loop.o(i.Duty_20ms)
    Duty_2ms                                 0x08003871   Thumb Code   110  loop.o(i.Duty_2ms)
    Duty_50ms                                0x080038ed   Thumb Code    18  loop.o(i.Duty_50ms)
    Duty_6ms                                 0x08003901   Thumb Code    46  loop.o(i.Duty_6ms)
    EP1_OUT_Callback                         0x08003941   Thumb Code    28  usb_endp.o(i.EP1_OUT_Callback)
    EP2_IN_Callback                          0x08003965   Thumb Code    20  usb_endp.o(i.EP2_IN_Callback)
    Enter_LowPowerMode                       0x0800397d   Thumb Code     8  usb_config.o(i.Enter_LowPowerMode)
    FLASH_ErasePage                          0x08003989   Thumb Code    72  stm32f10x_flash.o(i.FLASH_ErasePage)
    FLASH_GetBank1Status                     0x080039d5   Thumb Code    48  stm32f10x_flash.o(i.FLASH_GetBank1Status)
    FLASH_ProgramHalfWord                    0x08003a09   Thumb Code    60  stm32f10x_flash.o(i.FLASH_ProgramHalfWord)
    FLASH_Unlock                             0x08003a49   Thumb Code    12  stm32f10x_flash.o(i.FLASH_Unlock)
    FLASH_WaitForLastOperation               0x08003a61   Thumb Code    38  stm32f10x_flash.o(i.FLASH_WaitForLastOperation)
    GPIO_Init                                0x08003a87   Thumb Code   278  stm32f10x_gpio.o(i.GPIO_Init)
    GPIO_PinRemapConfig                      0x08003b9d   Thumb Code   138  stm32f10x_gpio.o(i.GPIO_PinRemapConfig)
    GPIO_ResetBits                           0x08003c2d   Thumb Code     4  stm32f10x_gpio.o(i.GPIO_ResetBits)
    GPIO_SetBits                             0x08003c31   Thumb Code     4  stm32f10x_gpio.o(i.GPIO_SetBits)
    GetEPRxAddr                              0x08003c35   Thumb Code    24  usb_regs.o(i.GetEPRxAddr)
    GetEPTxAddr                              0x08003c55   Thumb Code    22  usb_regs.o(i.GetEPTxAddr)
    GetSysTime_us                            0x08003c75   Thumb Code    58  bsp_systick.o(i.GetSysTime_us)
    Get_SerialNum                            0x08003cb9   Thumb Code    62  usb_config.o(i.Get_SerialNum)
    I2c_Soft_Ask                             0x08003d01   Thumb Code    54  i2c_soft.o(i.I2c_Soft_Ask)
    I2c_Soft_Init                            0x08003d3d   Thumb Code    68  i2c_soft.o(i.I2c_Soft_Init)
    I2c_Soft_NoAsk                           0x08003d85   Thumb Code    56  i2c_soft.o(i.I2c_Soft_NoAsk)
    I2c_Soft_ReadByte                        0x08003dc1   Thumb Code    98  i2c_soft.o(i.I2c_Soft_ReadByte)
    I2c_Soft_SendByte                        0x08003e29   Thumb Code    86  i2c_soft.o(i.I2c_Soft_SendByte)
    I2c_Soft_Start                           0x08003e85   Thumb Code    90  i2c_soft.o(i.I2c_Soft_Start)
    I2c_Soft_Stop                            0x08003ee5   Thumb Code    56  i2c_soft.o(i.I2c_Soft_Stop)
    I2c_Soft_WaitAsk                         0x08003f21   Thumb Code    88  i2c_soft.o(i.I2c_Soft_WaitAsk)
    I2c_Soft_delay                           0x08003f7d   Thumb Code    10  i2c_soft.o(i.I2c_Soft_delay)
    IIC_Read_nByte                           0x08003f89   Thumb Code   112  i2c_soft.o(i.IIC_Read_nByte)
    IIC_Write_1Byte                          0x08003ffd   Thumb Code    62  i2c_soft.o(i.IIC_Write_1Byte)
    IICwriteBit                              0x0800403b   Thumb Code    66  ano_drv_mpu6050.o(i.IICwriteBit)
    IICwriteBits                             0x0800407d   Thumb Code   102  ano_drv_mpu6050.o(i.IICwriteBits)
    IMU_update                               0x080040e5   Thumb Code  1972  ano_imu.o(i.IMU_update)
    In0_Process                              0x080048b5   Thumb Code    98  usb_core.o(i.In0_Process)
    LED_1ms_DRV                              0x08004925   Thumb Code    62  ano_drv_led.o(i.LED_1ms_DRV)
    LED_Dyty                                 0x08004971   Thumb Code   138  ano_drv_led.o(i.LED_Dyty)
    LPF_1                                    0x08004a05   Thumb Code    94  filter.o(i.LPF_1)
    Leave_LowPowerMode                       0x08004a69   Thumb Code    22  usb_config.o(i.Leave_LowPowerMode)
    Loop_check                               0x08004a89   Thumb Code    96  loop.o(i.Loop_check)
    MPU6050_Data_Offset                      0x08004aed   Thumb Code   464  ano_drv_mpu6050.o(i.MPU6050_Data_Offset)
    MPU6050_Data_Prepare                     0x08004cdd   Thumb Code   822  ano_drv_mpu6050.o(i.MPU6050_Data_Prepare)
    MPU6050_INT_Config                       0x08005061   Thumb Code     2  ano_drv_mpu6050.o(i.MPU6050_INT_Config)
    MPU6050_Init                             0x08005065   Thumb Code   240  ano_drv_mpu6050.o(i.MPU6050_Init)
    MPU6050_Read                             0x08005159   Thumb Code    16  ano_drv_mpu6050.o(i.MPU6050_Read)
    MPU6050_setClockSource                   0x0800516d   Thumb Code    20  ano_drv_mpu6050.o(i.MPU6050_setClockSource)
    MPU6050_setDLPF                          0x08005181   Thumb Code    20  ano_drv_mpu6050.o(i.MPU6050_setDLPF)
    MPU6050_setFullScaleAccelRange           0x08005195   Thumb Code    36  ano_drv_mpu6050.o(i.MPU6050_setFullScaleAccelRange)
    MPU6050_setFullScaleGyroRange            0x080051b9   Thumb Code    36  ano_drv_mpu6050.o(i.MPU6050_setFullScaleGyroRange)
    MPU6050_setI2CBypassEnabled              0x080051dd   Thumb Code    18  ano_drv_mpu6050.o(i.MPU6050_setI2CBypassEnabled)
    MPU6050_setI2CMasterModeEnabled          0x080051ef   Thumb Code    18  ano_drv_mpu6050.o(i.MPU6050_setI2CMasterModeEnabled)
    MPU6050_setSleepEnabled                  0x08005201   Thumb Code    18  ano_drv_mpu6050.o(i.MPU6050_setSleepEnabled)
    MPU6050_set_SMPLRT_DIV                   0x08005213   Thumb Code    28  ano_drv_mpu6050.o(i.MPU6050_set_SMPLRT_DIV)
    NOP_Process                              0x0800522f   Thumb Code     2  usb_core.o(i.NOP_Process)
    NRF_Read_Buf                             0x08005231   Thumb Code    52  nrf24l01.o(i.NRF_Read_Buf)
    NRF_Read_Reg                             0x08005265   Thumb Code    30  nrf24l01.o(i.NRF_Read_Reg)
    NRF_Write_Buf                            0x08005283   Thumb Code    50  nrf24l01.o(i.NRF_Write_Buf)
    NRF_Write_Reg                            0x080052b5   Thumb Code    32  nrf24l01.o(i.NRF_Write_Reg)
    NVIC_Init                                0x080052d5   Thumb Code   100  misc.o(i.NVIC_Init)
    NVIC_PriorityGroupConfig                 0x08005345   Thumb Code    10  misc.o(i.NVIC_PriorityGroupConfig)
    Nrf24l01_Check                           0x0800549d   Thumb Code    62  nrf24l01.o(i.Nrf24l01_Check)
    Nrf24l01_Init                            0x080054e1   Thumb Code   242  nrf24l01.o(i.Nrf24l01_Init)
    Nrf_Check_Event                          0x080055e1   Thumb Code    84  nrf24l01.o(i.Nrf_Check_Event)
    Out0_Process                             0x08005639   Thumb Code    70  usb_core.o(i.Out0_Process)
    PID_Save_Overtime                        0x08005689   Thumb Code    46  ano_param.o(i.PID_Save_Overtime)
    PID_calculate                            0x080056bd   Thumb Code   468  ano_pid.o(i.PID_calculate)
    PMAToUserBufferCopy                      0x0800589d   Thumb Code    34  usb_mem.o(i.PMAToUserBufferCopy)
    Post0_Process                            0x080059d5   Thumb Code    54  usb_core.o(i.Post0_Process)
    PowerOn                                  0x08005a1d   Thumb Code    54  usb_pwr.o(i.PowerOn)
    RCC_ADCCLKConfig                         0x08005a5d   Thumb Code    18  stm32f10x_rcc.o(i.RCC_ADCCLKConfig)
    RCC_AHBPeriphClockCmd                    0x08005a75   Thumb Code    26  stm32f10x_rcc.o(i.RCC_AHBPeriphClockCmd)
    RCC_APB1PeriphClockCmd                   0x08005a95   Thumb Code    26  stm32f10x_rcc.o(i.RCC_APB1PeriphClockCmd)
    RCC_APB2PeriphClockCmd                   0x08005ab5   Thumb Code    26  stm32f10x_rcc.o(i.RCC_APB2PeriphClockCmd)
    RCC_GetClocksFreq                        0x08005ad5   Thumb Code   192  stm32f10x_rcc.o(i.RCC_GetClocksFreq)
    RC_duty                                  0x08005ba9   Thumb Code    64  ano_rc.o(i.RC_duty)
    Resume                                   0x08005bf1   Thumb Code   168  usb_pwr.o(i.Resume)
    Resume_Init                              0x08005ca1   Thumb Code    30  usb_pwr.o(i.Resume_Init)
    SPI_Cmd                                  0x08005cc5   Thumb Code    24  stm32f10x_spi.o(i.SPI_Cmd)
    SPI_I2S_GetFlagStatus                    0x08005cdd   Thumb Code    18  stm32f10x_spi.o(i.SPI_I2S_GetFlagStatus)
    SPI_I2S_ReceiveData                      0x08005cef   Thumb Code     6  stm32f10x_spi.o(i.SPI_I2S_ReceiveData)
    SPI_I2S_SendData                         0x08005cf5   Thumb Code     4  stm32f10x_spi.o(i.SPI_I2S_SendData)
    SPI_Init                                 0x08005cf9   Thumb Code    60  stm32f10x_spi.o(i.SPI_Init)
    SetBTABLE                                0x08005d35   Thumb Code    12  usb_regs.o(i.SetBTABLE)
    SetDeviceAddress                         0x08005d45   Thumb Code    62  usb_core.o(i.SetDeviceAddress)
    SetEPRxAddr                              0x08005d91   Thumb Code    26  usb_regs.o(i.SetEPRxAddr)
    SetEPRxCount                             0x08005db5   Thumb Code    68  usb_regs.o(i.SetEPRxCount)
    SetEPRxStatus                            0x08005e01   Thumb Code    52  usb_regs.o(i.SetEPRxStatus)
    SetEPRxValid                             0x08005e39   Thumb Code    38  usb_regs.o(i.SetEPRxValid)
    SetEPTxAddr                              0x08005e65   Thumb Code    24  usb_regs.o(i.SetEPTxAddr)
    SetEPTxCount                             0x08005e85   Thumb Code    20  usb_regs.o(i.SetEPTxCount)
    SetEPTxStatus                            0x08005ea1   Thumb Code    52  usb_regs.o(i.SetEPTxStatus)
    SetEPType                                0x08005ed9   Thumb Code    32  usb_regs.o(i.SetEPType)
    Setup0_Process                           0x08005fe5   Thumb Code   162  usb_core.o(i.Setup0_Process)
    Standard_ClearFeature                    0x08006095   Thumb Code   326  usb_core.o(i.Standard_ClearFeature)
    Standard_GetConfiguration                0x080061f1   Thumb Code    34  usb_core.o(i.Standard_GetConfiguration)
    Standard_GetDescriptorData               0x0800621d   Thumb Code    32  usb_core.o(i.Standard_GetDescriptorData)
    Standard_GetInterface                    0x08006241   Thumb Code    34  usb_core.o(i.Standard_GetInterface)
    Standard_GetStatus                       0x0800626d   Thumb Code   224  usb_core.o(i.Standard_GetStatus)
    Standard_SetConfiguration                0x0800635d   Thumb Code    60  usb_core.o(i.Standard_SetConfiguration)
    Standard_SetDeviceFeature                0x080063a5   Thumb Code    30  usb_core.o(i.Standard_SetDeviceFeature)
    Standard_SetEndPointFeature              0x080063cd   Thumb Code   176  usb_core.o(i.Standard_SetEndPointFeature)
    Standard_SetInterface                    0x0800648d   Thumb Code    96  usb_core.o(i.Standard_SetInterface)
    Suspend                                  0x080064f9   Thumb Code    34  usb_pwr.o(i.Suspend)
    SysTick_Handler                          0x08006521   Thumb Code     8  stm32f10x_it.o(i.SysTick_Handler)
    SysTick_IRQ                              0x08006529   Thumb Code    22  bsp_systick.o(i.SysTick_IRQ)
    SystemInit                               0x08006545   Thumb Code    78  system_stm32f10x.o(i.SystemInit)
    TIM_ARRPreloadConfig                     0x080065a5   Thumb Code    24  stm32f10x_tim.o(i.TIM_ARRPreloadConfig)
    TIM_Cmd                                  0x080065bd   Thumb Code    24  stm32f10x_tim.o(i.TIM_Cmd)
    TIM_OC1Init                              0x080065d5   Thumb Code   132  stm32f10x_tim.o(i.TIM_OC1Init)
    TIM_OC1PreloadConfig                     0x0800666d   Thumb Code    18  stm32f10x_tim.o(i.TIM_OC1PreloadConfig)
    TIM_OC2Init                              0x08006681   Thumb Code   154  stm32f10x_tim.o(i.TIM_OC2Init)
    TIM_OC2PreloadConfig                     0x08006725   Thumb Code    26  stm32f10x_tim.o(i.TIM_OC2PreloadConfig)
    TIM_TimeBaseInit                         0x08006741   Thumb Code   122  stm32f10x_tim.o(i.TIM_TimeBaseInit)
    USART1_Config                            0x080067e5   Thumb Code   194  ano_drv_uart.o(i.USART1_Config)
    USART1_IRQHandler                        0x080068b1   Thumb Code     8  stm32f10x_it.o(i.USART1_IRQHandler)
    USART3_IRQHandler                        0x080068b9   Thumb Code     2  stm32f10x_it.o(i.USART3_IRQHandler)
    USART_ClearFlag                          0x080068bb   Thumb Code    18  stm32f10x_usart.o(i.USART_ClearFlag)
    USART_ClockInit                          0x080068cd   Thumb Code    34  stm32f10x_usart.o(i.USART_ClockInit)
    USART_Cmd                                0x080068ef   Thumb Code    24  stm32f10x_usart.o(i.USART_Cmd)
    USART_GetFlagStatus                      0x08006907   Thumb Code    26  stm32f10x_usart.o(i.USART_GetFlagStatus)
    USART_GetITStatus                        0x08006921   Thumb Code    84  stm32f10x_usart.o(i.USART_GetITStatus)
    USART_ITConfig                           0x08006975   Thumb Code    74  stm32f10x_usart.o(i.USART_ITConfig)
    USART_Init                               0x080069c1   Thumb Code   210  stm32f10x_usart.o(i.USART_Init)
    USB_Cable_Config                         0x08006a99   Thumb Code     2  usb_config.o(i.USB_Cable_Config)
    USB_HP_CAN1_TX_IRQHandler                0x08006a9b   Thumb Code     2  stm32f10x_it.o(i.USB_HP_CAN1_TX_IRQHandler)
    USB_Istr                                 0x08006a9d   Thumb Code   222  usb_istr.o(i.USB_Istr)
    USB_LP_CAN1_RX0_IRQHandler               0x08006b95   Thumb Code     8  stm32f10x_it.o(i.USB_LP_CAN1_RX0_IRQHandler)
    UserToPMABufferCopy                      0x08006b9d   Thumb Code    52  usb_mem.o(i.UserToPMABufferCopy)
    __ARM_fpclassify                         0x08006bd5   Thumb Code    40  fpclassify.o(i.__ARM_fpclassify)
    __kernel_poly                            0x08006bfd   Thumb Code   170  poly.o(i.__kernel_poly)
    __mathlib_dbl_underflow                  0x08006ca9   Thumb Code    10  dunder.o(i.__mathlib_dbl_underflow)
    __scatterload_copy                       0x08006cb9   Thumb Code    14  handlers.o(i.__scatterload_copy)
    __scatterload_null                       0x08006cc7   Thumb Code     2  handlers.o(i.__scatterload_null)
    __scatterload_zeroinit                   0x08006cc9   Thumb Code    14  handlers.o(i.__scatterload_zeroinit)
    __set_errno                              0x08006cd9   Thumb Code     6  errno.o(i.__set_errno)
    asin                                     0x08006ce5   Thumb Code   584  asin.o(i.asin)
    cycleCounterInit                         0x08006f61   Thumb Code    26  bsp_systick.o(i.cycleCounterInit)
    fail_safe                                0x08006f85   Thumb Code    24  ano_rc.o(i.fail_safe)
    fail_safe_check                          0x08006fa5   Thumb Code    62  ano_rc.o(i.fail_safe_check)
    fast_atan2                               0x08006fed   Thumb Code   344  mymath.o(i.fast_atan2)
    g_v_PwmInit                              0x08007159   Thumb Code    12  ano_motor.o(i.g_v_PwmInit)
    g_v_ReceiveData                          0x08007165   Thumb Code   224  receive.o(i.g_v_ReceiveData)
    g_v_Uart1PutBuf                          0x08007255   Thumb Code    64  ano_drv_uart.o(i.g_v_Uart1PutBuf)
    g_v_Uart1_IRQ                            0x080072a1   Thumb Code   134  ano_drv_uart.o(i.g_v_Uart1_IRQ)
    headless_mode                            0x0800733d   Thumb Code    10  ano_ctrl.o(i.headless_mode)
    led_breath                               0x08007349   Thumb Code   274  ano_drv_led.o(i.led_breath)
    led_flash                                0x08007471   Thumb Code   160  ano_drv_led.o(i.led_flash)
    limit_filter                             0x08007525   Thumb Code    88  filter.o(i.limit_filter)
    main                                     0x0800757d   Thumb Code    12  main.o(i.main)
    main_loop                                0x08007589   Thumb Code   122  loop.o(i.main_loop)
    motor_ctrl                               0x08007609   Thumb Code   200  ano_ctrl.o(i.motor_ctrl)
    motor_out                                0x080076dd   Thumb Code    74  ano_motor.o(i.motor_out)
    mpu_type                                 0x0800772d   Thumb Code   100  ano_drv_mpu6050.o(i.mpu_type)
    my_abs                                   0x0800779d   Thumb Code    24  mymath.o(i.my_abs)
    my_deadzone                              0x080077b5   Thumb Code    72  mymath.o(i.my_deadzone)
    my_sqrt                                  0x080077fd   Thumb Code   114  mymath.o(i.my_sqrt)
    pid_init                                 0x08007875   Thumb Code    16  ano_ctrl.o(i.pid_init)
    sensor_dir                               0x08007885   Thumb Code    72  ano_drv_mpu6050.o(i.sensor_dir)
    sqrt                                     0x080078cd   Thumb Code    76  sqrt.o(i.sqrt)
    steepest_descend                         0x08007919   Thumb Code   400  filter.o(i.steepest_descend)
    sys_init                                 0x08007aa9   Thumb Code   168  ano_init.o(i.sys_init)
    sys_time                                 0x08007b61   Thumb Code   126  time.o(i.sys_time)
    unlock                                   0x08007bf1   Thumb Code   204  ano_rc.o(i.unlock)
    voltage_check                            0x08007ccd   Thumb Code   262  ano_voltage.o(i.voltage_check)
    CustomHID_DeviceDescriptor               0x08007de8   Data          18  usb_desc.o(.constdata)
    CustomHID_ConfigDescriptor               0x08007dfa   Data          41  usb_desc.o(.constdata)
    CustomHID_ReportDescriptor               0x08007e23   Data          33  usb_desc.o(.constdata)
    CustomHID_StringLangID                   0x08007e44   Data           4  usb_desc.o(.constdata)
    CustomHID_StringVendor                   0x08007e48   Data          20  usb_desc.o(.constdata)
    CustomHID_StringProduct                  0x08007e5c   Data          18  usb_desc.o(.constdata)
    Region$$Table$$Base                      0x08007ec0   Number         0  anon$$obj.o(Region$$Table)
    Region$$Table$$Limit                     0x08007ee0   Number         0  anon$$obj.o(Region$$Table)
    ctrl_2_time                              0x20000000   Data           4  ano_ctrl.o(.data)
    ctrl_1_time                              0x20000004   Data           4  ano_ctrl.o(.data)
    ctrl_0_time                              0x20000008   Data           4  ano_ctrl.o(.data)
    thr                                      0x2000000c   Data           4  ano_ctrl.o(.data)
    thr_value                                0x20000010   Data           4  ano_ctrl.o(.data)
    exp_hspeed                               0x20000014   Data           4  ano_ctrl.o(.data)
    exp_hspeed_lpf                           0x20000018   Data           4  ano_ctrl.o(.data)
    out_rol_curve                            0x2000001c   Data           4  ano_ctrl.o(.data)
    out_pit_curve                            0x20000020   Data           4  ano_ctrl.o(.data)
    out_yaw_curve                            0x20000024   Data           4  ano_ctrl.o(.data)
    est_rol                                  0x20000028   Data           4  ano_ctrl.o(.data)
    est_pit                                  0x2000002c   Data           4  ano_ctrl.o(.data)
    est_yaw                                  0x20000030   Data           4  ano_ctrl.o(.data)
    motor                                    0x20000034   Data           8  ano_ctrl.o(.data)
    NRF_ENABLE                               0x2000003d   Data           1  ano_init.o(.data)
    flag                                     0x20000040   Data           5  ano_data.o(.data)
    gf                                       0x20000048   Data           8  ano_data.o(.data)
    q0                                       0x20000050   Data           4  ano_imu.o(.data)
    q1                                       0x20000054   Data           4  ano_imu.o(.data)
    q2                                       0x20000058   Data           4  ano_imu.o(.data)
    q3                                       0x2000005c   Data           4  ano_imu.o(.data)
    exInt                                    0x20000060   Data           4  ano_imu.o(.data)
    eyInt                                    0x20000064   Data           4  ano_imu.o(.data)
    ezInt                                    0x20000068   Data           4  ano_imu.o(.data)
    imu_data                                 0x2000006c   Data          88  ano_imu.o(.data)
    err_lf_x                                 0x200000c4   Data           8  ano_imu.o(.data)
    err_lf_y                                 0x200000cc   Data           8  ano_imu.o(.data)
    err_lf_z                                 0x200000d4   Data           8  ano_imu.o(.data)
    save_pid_en                              0x200000dc   Data           2  ano_param.o(.data)
    fly_ready                                0x200000ec   Data           1  ano_rc.o(.data)
    fly_ready_cnt                            0x200000ee   Data           2  ano_rc.o(.data)
    cali_gyro                                0x200000f0   Data           4  ano_rc.o(.data)
    cali_acc                                 0x200000f4   Data           4  ano_rc.o(.data)
    stick_fun_up                             0x200000f8   Data           1  ano_rc.o(.data)
    stick_fun_dw                             0x200000f9   Data           1  ano_rc.o(.data)
    voltage                                  0x200000fc   Data           2  ano_voltage.o(.data)
    ADC_ConvertedValue                       0x20000100   Data           4  ano_drv_adc.o(.data)
    led_accuracy                             0x20000104   Data           2  ano_drv_led.o(.data)
    on_time                                  0x20000108   Data           4  ano_drv_led.o(.data)
    LED_warn                                 0x2000010c   Data           1  ano_drv_led.o(.data)
    mpu6050_ok                               0x20000116   Data           1  ano_drv_mpu6050.o(.data)
    MPU_ID                                   0x20000117   Data           5  ano_drv_mpu6050.o(.data)
    acc_sum_cnt                              0x2000011c   Data           2  ano_drv_mpu6050.o(.data)
    gyro_sum_cnt                             0x2000011e   Data           2  ano_drv_mpu6050.o(.data)
    acc_3d_step                              0x20000120   Data           1  ano_drv_mpu6050.o(.data)
    acc_3d_calibrate_f                       0x20000121   Data           1  ano_drv_mpu6050.o(.data)
    Rec_Bluetooth_Buf                        0x20000122   Data           8  ano_drv_uart.o(.data)
    j                                        0x2000012a   Data           1  ano_drv_uart.o(.data)
    Rx_Adr                                   0x2000012b   Data           1  ano_drv_uart.o(.data)
    TxCounter                                0x2000012c   Data           1  ano_drv_uart.o(.data)
    count                                    0x2000012d   Data           1  ano_drv_uart.o(.data)
    usTicks                                  0x20000130   Data           4  bsp_systick.o(.data)
    sysTickUptime                            0x20000134   Data           4  bsp_systick.o(.data)
    mpu_test                                 0x20000138   Data           1  i2c_soft.o(.data)
    fast_atan_table                          0x2000013c   Data        1028  mymath.o(.data)
    time_1h                                  0x20000540   Data           2  time.o(.data)
    time_1m                                  0x20000542   Data           2  time.o(.data)
    time_1s                                  0x20000544   Data           2  time.o(.data)
    time_1ms                                 0x20000546   Data           2  time.o(.data)
    TX_ADDRESS                               0x20000548   Data           5  nrf24l01.o(.data)
    RX_ADDRESS                               0x2000054d   Data           5  nrf24l01.o(.data)
    g_u8_NRF24L01RXDataBufLen_CMD            0x20000552   Data           1  nrf24l01.o(.data)
    SystemCoreClock                          0x20000554   Data           4  system_stm32f10x.o(.data)
    AHBPrescTable                            0x20000558   Data          16  system_stm32f10x.o(.data)
    StatusInfo                               0x2000057c   Data           2  usb_core.o(.data)
    Data_Mul_MaxPacketSize                   0x2000057e   Data           1  usb_core.o(.data)
    EPindex                                  0x20000580   Data           1  usb_init.o(.data)
    pInformation                             0x20000584   Data           4  usb_init.o(.data)
    pProperty                                0x20000588   Data           4  usb_init.o(.data)
    SaveState                                0x2000058c   Data           2  usb_init.o(.data)
    wInterrupt_Mask                          0x2000058e   Data           2  usb_init.o(.data)
    pUser_Standard_Requests                  0x20000590   Data           4  usb_init.o(.data)
    SaveRState                               0x20000594   Data           2  usb_int.o(.data)
    SaveTState                               0x20000596   Data           2  usb_int.o(.data)
    CustomHID_StringSerial                   0x20000598   Data          26  usb_desc.o(.data)
    USB_ReceiveFlg                           0x200005b2   Data           1  usb_endp.o(.data)
    wIstr                                    0x200005b4   Data           2  usb_istr.o(.data)
    bIntPackSOF                              0x200005b6   Data           1  usb_istr.o(.data)
    pEpInt_IN                                0x200005b8   Data          28  usb_istr.o(.data)
    pEpInt_OUT                               0x200005d4   Data          28  usb_istr.o(.data)
    ProtocolValue                            0x200005f0   Data           4  usb_prop.o(.data)
    Device_Table                             0x200005f4   Data           2  usb_prop.o(.data)
    Device_Property                          0x200005f8   Data          48  usb_prop.o(.data)
    User_Standard_Requests                   0x20000628   Data          36  usb_prop.o(.data)
    Device_Descriptor                        0x2000064c   Data           8  usb_prop.o(.data)
    Config_Descriptor                        0x20000654   Data           8  usb_prop.o(.data)
    CustomHID_Report_Descriptor              0x2000065c   Data           8  usb_prop.o(.data)
    CustomHID_Hid_Descriptor                 0x20000664   Data           8  usb_prop.o(.data)
    String_Descriptor                        0x2000066c   Data          32  usb_prop.o(.data)
    bDeviceState                             0x2000068c   Data           4  usb_pwr.o(.data)
    fSuspendEnabled                          0x20000690   Data           1  usb_pwr.o(.data)
    ResumeS                                  0x20000691   Data           2  usb_pwr.o(.data)
    loop                                     0x20000698   Data          18  loop.o(.bss)
    test_time                                0x200006ac   Data          40  loop.o(.bss)
    arg_2_rol                                0x200006d4   Data          28  ano_ctrl.o(.bss)
    arg_2_pit                                0x200006f0   Data          28  ano_ctrl.o(.bss)
    arg_2_yaw                                0x2000070c   Data          28  ano_ctrl.o(.bss)
    arg_1_rol                                0x20000728   Data          28  ano_ctrl.o(.bss)
    arg_1_pit                                0x20000744   Data          28  ano_ctrl.o(.bss)
    arg_1_yaw                                0x20000760   Data          28  ano_ctrl.o(.bss)
    arg_0_hs                                 0x2000077c   Data          28  ano_ctrl.o(.bss)
    val_2_rol                                0x20000798   Data          36  ano_ctrl.o(.bss)
    val_2_pit                                0x200007bc   Data          36  ano_ctrl.o(.bss)
    val_2_yaw                                0x200007e0   Data          36  ano_ctrl.o(.bss)
    val_1_rol                                0x20000804   Data          36  ano_ctrl.o(.bss)
    val_1_pit                                0x20000828   Data          36  ano_ctrl.o(.bss)
    val_1_yaw                                0x2000084c   Data          36  ano_ctrl.o(.bss)
    val_0_hs                                 0x20000870   Data          36  ano_ctrl.o(.bss)
    ctrl_1                                   0x20000894   Data          40  ano_ctrl.o(.bss)
    ctrl_2                                   0x200008bc   Data          40  ano_ctrl.o(.bss)
    vec_err_i                                0x200008e4   Data          12  ano_imu.o(.bss)
    ANO_Param                                0x200008f0   Data         160  ano_param.o(.bss)
    f                                        0x20000990   Data          19  ano_data_transfer.o(.bss)
    data_to_send                             0x200009a3   Data          50  ano_data_transfer.o(.bss)
    RX_CH                                    0x20000a08   Data          16  ano_rc.o(.bss)
    CH_N                                     0x20000a18   Data          16  ano_rc.o(.bss)
    g_t_Rc_D_CMS                             0x20000a28   Data          20  receive.o(.bss)
    Hid_RxData                               0x20000a3c   Data          64  ano_drv_hid.o(.bss)
    hid_datatemp                             0x20000a7c   Data         256  ano_drv_hid.o(.bss)
    mpu6050_buffer                           0x20000b7c   Data          14  ano_drv_mpu6050.o(.bss)
    sensor                                   0x20000b8c   Data          80  ano_drv_mpu6050.o(.bss)
    sum_temp                                 0x20000bdc   Data          28  ano_drv_mpu6050.o(.bss)
    acc_3d_cali                              0x20000bf8   Data          24  ano_drv_mpu6050.o(.bss)
    steepest_ax                              0x20000c10   Data          20  ano_drv_mpu6050.o(.bss)
    steepest_ay                              0x20000c24   Data          20  ano_drv_mpu6050.o(.bss)
    steepest_az                              0x20000c38   Data          20  ano_drv_mpu6050.o(.bss)
    steepest_gx                              0x20000c4c   Data          20  ano_drv_mpu6050.o(.bss)
    steepest_gy                              0x20000c60   Data          20  ano_drv_mpu6050.o(.bss)
    steepest_gz                              0x20000c74   Data          20  ano_drv_mpu6050.o(.bss)
    steepest_ax_arr                          0x20000c88   Data         160  ano_drv_mpu6050.o(.bss)
    steepest_ay_arr                          0x20000d28   Data         160  ano_drv_mpu6050.o(.bss)
    steepest_az_arr                          0x20000dc8   Data         160  ano_drv_mpu6050.o(.bss)
    steepest_gx_arr                          0x20000e68   Data          20  ano_drv_mpu6050.o(.bss)
    steepest_gy_arr                          0x20000e7c   Data          20  ano_drv_mpu6050.o(.bss)
    steepest_gz_arr                          0x20000e90   Data          20  ano_drv_mpu6050.o(.bss)
    Rx_Buf                                   0x20000ea4   Data          32  ano_drv_uart.o(.bss)
    TxBuffer                                 0x20000ec4   Data         256  ano_drv_uart.o(.bss)
    NRF24L01_RXDATA                          0x20000fc4   Data          32  nrf24l01.o(.bss)
    NRF24L01_TXDATA                          0x20000fe4   Data          32  nrf24l01.o(.bss)
    g_u8a32_NRF24L01RXDataBuf_CMD            0x20001004   Data          32  nrf24l01.o(.bss)
    g_u8a32_NRF24L01TXDataBuf_CMD            0x20001024   Data          32  nrf24l01.o(.bss)
    Device_Info                              0x20001044   Data          28  usb_init.o(.bss)
    Transi_Buffer                            0x20001060   Data          64  usb_endp.o(.bss)
    __initial_sp                             0x200014a0   Data           0  startup_stm32f10x_md.o(STACK)



==============================================================================

Memory Map of the image

  Image Entry point : 0x080000ed

  Load Region LR_IROM1 (Base: 0x08000000, Size: 0x00008578, Max: 0x00010000, ABSOLUTE, COMPRESSED[0x000083a0])

    Execution Region ER_IROM1 (Base: 0x08000000, Size: 0x00007ee0, Max: 0x00010000, ABSOLUTE)

    Base Addr    Size         Type   Attr      Idx    E Section Name        Object

    0x08000000   0x000000ec   Data   RO         3357    RESET               startup_stm32f10x_md.o
    0x080000ec   0x00000000   Code   RO         4262  * .ARM.Collect$$$$00000000  mc_w.l(entry.o)
    0x080000ec   0x00000004   Code   RO         4314    .ARM.Collect$$$$00000001  mc_w.l(entry2.o)
    0x080000f0   0x00000004   Code   RO         4317    .ARM.Collect$$$$00000004  mc_w.l(entry5.o)
    0x080000f4   0x00000000   Code   RO         4319    .ARM.Collect$$$$00000008  mc_w.l(entry7b.o)
    0x080000f4   0x00000000   Code   RO         4321    .ARM.Collect$$$$0000000A  mc_w.l(entry8b.o)
    0x080000f4   0x00000008   Code   RO         4322    .ARM.Collect$$$$0000000B  mc_w.l(entry9a.o)
    0x080000fc   0x00000000   Code   RO         4324    .ARM.Collect$$$$0000000D  mc_w.l(entry10a.o)
    0x080000fc   0x00000000   Code   RO         4326    .ARM.Collect$$$$0000000F  mc_w.l(entry11a.o)
    0x080000fc   0x00000004   Code   RO         4315    .ARM.Collect$$$$00002712  mc_w.l(entry2.o)
    0x08000100   0x00000024   Code   RO         3358    .text               startup_stm32f10x_md.o
    0x08000124   0x000000b0   Code   RO         4265    .text               mf_w.l(fadd.o)
    0x080001d4   0x00000064   Code   RO         4267    .text               mf_w.l(fmul.o)
    0x08000238   0x0000007c   Code   RO         4269    .text               mf_w.l(fdiv.o)
    0x080002b4   0x0000014e   Code   RO         4271    .text               mf_w.l(dadd.o)
    0x08000402   0x000000e4   Code   RO         4273    .text               mf_w.l(dmul.o)
    0x080004e6   0x00000012   Code   RO         4275    .text               mf_w.l(fflti.o)
    0x080004f8   0x0000000a   Code   RO         4277    .text               mf_w.l(ffltui.o)
    0x08000502   0x00000032   Code   RO         4281    .text               mf_w.l(ffixi.o)
    0x08000534   0x00000028   Code   RO         4283    .text               mf_w.l(ffixui.o)
    0x0800055c   0x00000026   Code   RO         4285    .text               mf_w.l(f2d.o)
    0x08000582   0x00000038   Code   RO         4291    .text               mf_w.l(d2f.o)
    0x080005ba   0x00000002   PAD
    0x080005bc   0x00000014   Code   RO         4293    .text               mf_w.l(cfcmple.o)
    0x080005d0   0x00000014   Code   RO         4295    .text               mf_w.l(cfrcmple.o)
    0x080005e4   0x0000001e   Code   RO         4328    .text               mc_w.l(llshl.o)
    0x08000602   0x00000024   Code   RO         4330    .text               mc_w.l(llsshr.o)
    0x08000626   0x00000000   Code   RO         4339    .text               mc_w.l(iusefp.o)
    0x08000626   0x0000006e   Code   RO         4340    .text               mf_w.l(fepilogue.o)
    0x08000694   0x000000b6   Code   RO         4342    .text               mf_w.l(depilogue.o)
    0x0800074a   0x000000de   Code   RO         4344    .text               mf_w.l(ddiv.o)
    0x08000828   0x0000002e   Code   RO         4346    .text               mf_w.l(dscalb.o)
    0x08000856   0x000000a2   Code   RO         4348    .text               mf_w.l(dsqrt.o)
    0x080008f8   0x00000024   Code   RO         4350    .text               mc_w.l(init.o)
    0x0800091c   0x00000020   Code   RO         4352    .text               mc_w.l(llushr.o)
    0x0800093c   0x00000056   Code   RO         4362    .text               mc_w.l(__dczerorl2.o)
    0x08000992   0x00000002   PAD
    0x08000994   0x00000040   Code   RO          733    i.ADC1_GPIO_Config  ano_drv_adc.o
    0x080009d4   0x0000000c   Code   RO          734    i.ADC1_Init         ano_drv_adc.o
    0x080009e0   0x000000e0   Code   RO          735    i.ADC1_Mode_Config  ano_drv_adc.o
    0x08000ac0   0x00000016   Code   RO         1650    i.ADC_Cmd           stm32f10x_adc.o
    0x08000ad6   0x00000016   Code   RO         1651    i.ADC_DMACmd        stm32f10x_adc.o
    0x08000aec   0x00000014   Code   RO         1658    i.ADC_GetCalibrationStatus  stm32f10x_adc.o
    0x08000b00   0x00000014   Code   RO         1664    i.ADC_GetResetCalibrationStatus  stm32f10x_adc.o
    0x08000b14   0x00000050   Code   RO         1668    i.ADC_Init          stm32f10x_adc.o
    0x08000b64   0x000000b8   Code   RO         1672    i.ADC_RegularChannelConfig  stm32f10x_adc.o
    0x08000c1c   0x0000000a   Code   RO         1673    i.ADC_ResetCalibration  stm32f10x_adc.o
    0x08000c26   0x00000016   Code   RO         1675    i.ADC_SoftwareStartConvCmd  stm32f10x_adc.o
    0x08000c3c   0x0000000a   Code   RO         1677    i.ADC_StartCalibration  stm32f10x_adc.o
    0x08000c46   0x00000002   PAD
    0x08000c48   0x000004b0   Code   RO          528    i.ANO_DT_Data_Exchange  ano_data_transfer.o
    0x080010f8   0x000002e0   Code   RO          529    i.ANO_DT_Data_Receive_Anl  ano_data_transfer.o
    0x080013d8   0x000000e8   Code   RO          530    i.ANO_DT_Data_Receive_Prepare  ano_data_transfer.o
    0x080014c0   0x00000044   Code   RO          531    i.ANO_DT_Send_Check  ano_data_transfer.o
    0x08001504   0x00000014   Code   RO          532    i.ANO_DT_Send_Data  ano_data_transfer.o
    0x08001518   0x0000012c   Code   RO          534    i.ANO_DT_Send_MotoPWM  ano_data_transfer.o
    0x08001644   0x00000044   Code   RO          535    i.ANO_DT_Send_Msg   ano_data_transfer.o
    0x08001688   0x00000184   Code   RO          536    i.ANO_DT_Send_PID   ano_data_transfer.o
    0x0800180c   0x0000008c   Code   RO          537    i.ANO_DT_Send_Power  ano_data_transfer.o
    0x08001898   0x00000164   Code   RO          538    i.ANO_DT_Send_RCData  ano_data_transfer.o
    0x080019fc   0x0000019c   Code   RO          539    i.ANO_DT_Send_Senser  ano_data_transfer.o
    0x08001b98   0x00000144   Code   RO          542    i.ANO_DT_Send_Status  ano_data_transfer.o
    0x08001cdc   0x000000f8   Code   RO          543    i.ANO_DT_Send_User  ano_data_transfer.o
    0x08001dd4   0x000000c4   Code   RO          544    i.ANO_DT_Send_Version  ano_data_transfer.o
    0x08001e98   0x00000044   Code   RO         1455    i.ANO_Flash_Read    ano_drv_flash.o
    0x08001edc   0x00000068   Code   RO         1456    i.ANO_Flash_Write   ano_drv_flash.o
    0x08001f44   0x00000010   Code   RO          836    i.ANO_LED_0_OFF     ano_drv_led.o
    0x08001f54   0x00000010   Code   RO          837    i.ANO_LED_0_ON      ano_drv_led.o
    0x08001f64   0x00000040   Code   RO          838    i.ANO_LED_Init      ano_drv_led.o
    0x08001fa4   0x0000008c   Code   RO          491    i.ANO_Param_Init    ano_param.o
    0x08002030   0x0000001c   Code   RO          492    i.ANO_Param_Read    ano_param.o
    0x0800204c   0x00000014   Code   RO          493    i.ANO_Param_Save    ano_param.o
    0x08002060   0x00000014   Code   RO         1012    i.ANO_SPI_CSN_H     ano_drv_spi.o
    0x08002074   0x00000014   Code   RO         1013    i.ANO_SPI_CSN_L     ano_drv_spi.o
    0x08002088   0x000000b0   Code   RO         1014    i.ANO_SPI_Init      ano_drv_spi.o
    0x08002138   0x00000038   Code   RO         1015    i.ANO_SPI_RW        ano_drv_spi.o
    0x08002170   0x0000000c   Code   RO         3579    i.ByteSwap          usb_regs.o
    0x0800217c   0x00000038   Code   RO          250    i.CTRL_0            ano_ctrl.o
    0x080021b4   0x00000078   Code   RO          251    i.CTRL_0_PID_Init   ano_ctrl.o
    0x0800222c   0x00000090   Code   RO          252    i.CTRL_1            ano_ctrl.o
    0x080022bc   0x0000014c   Code   RO          253    i.CTRL_1_PID_Init   ano_ctrl.o
    0x08002408   0x0000008c   Code   RO          254    i.CTRL_2            ano_ctrl.o
    0x08002494   0x00000134   Code   RO          255    i.CTRL_2_PID_Init   ano_ctrl.o
    0x080025c8   0x00000670   Code   RO          256    i.CTRL_Duty         ano_ctrl.o
    0x08002c38   0x00000328   Code   RO         3532    i.CTR_LP            usb_int.o
    0x08002f60   0x00000034   Code   RO         3580    i.ClearDTOG_RX      usb_regs.o
    0x08002f94   0x00000034   Code   RO         3581    i.ClearDTOG_TX      usb_regs.o
    0x08002fc8   0x00000020   Code   RO         3586    i.Clear_Status_Out  usb_regs.o
    0x08002fe8   0x0000007c   Code   RO         4081    i.CustomHID_Data_Setup  usb_prop.o
    0x08003064   0x00000014   Code   RO         4082    i.CustomHID_GetConfigDescriptor  usb_prop.o
    0x08003078   0x00000014   Code   RO         4083    i.CustomHID_GetDeviceDescriptor  usb_prop.o
    0x0800308c   0x00000014   Code   RO         4084    i.CustomHID_GetHIDDescriptor  usb_prop.o
    0x080030a0   0x0000001c   Code   RO         4085    i.CustomHID_GetProtocolValue  usb_prop.o
    0x080030bc   0x00000014   Code   RO         4086    i.CustomHID_GetReportDescriptor  usb_prop.o
    0x080030d0   0x00000028   Code   RO         4087    i.CustomHID_GetStringDescriptor  usb_prop.o
    0x080030f8   0x00000016   Code   RO         4088    i.CustomHID_Get_Interface_Setting  usb_prop.o
    0x0800310e   0x00000002   PAD
    0x08003110   0x00000024   Code   RO         4089    i.CustomHID_NoData_Setup  usb_prop.o
    0x08003134   0x000000c0   Code   RO         4090    i.CustomHID_Reset   usb_prop.o
    0x080031f4   0x00000018   Code   RO         4091    i.CustomHID_SetConfiguration  usb_prop.o
    0x0800320c   0x0000000c   Code   RO         4092    i.CustomHID_SetDeviceAddress  usb_prop.o
    0x08003218   0x00000018   Code   RO         4093    i.CustomHID_SetProtocol  usb_prop.o
    0x08003230   0x00000002   Code   RO         4094    i.CustomHID_Status_In  usb_prop.o
    0x08003232   0x00000002   Code   RO         4095    i.CustomHID_Status_Out  usb_prop.o
    0x08003234   0x00000044   Code   RO         4096    i.CustomHID_init    usb_prop.o
    0x08003278   0x00000018   Code   RO         1868    i.DMA_Cmd           stm32f10x_dma.o
    0x08003290   0x0000014c   Code   RO         1869    i.DMA_DeInit        stm32f10x_dma.o
    0x080033dc   0x0000003c   Code   RO         1874    i.DMA_Init          stm32f10x_dma.o
    0x08003418   0x000000c0   Code   RO         3362    i.DataStageIn       usb_core.o
    0x080034d8   0x000000bc   Code   RO         3363    i.DataStageOut      usb_core.o
    0x08003594   0x00000298   Code   RO         3364    i.Data_Setup0       usb_core.o
    0x0800382c   0x0000001a   Code   RO         1154    i.Delay_ms          bsp_systick.o
    0x08003846   0x00000018   Code   RO         1155    i.Delay_us          bsp_systick.o
    0x0800385e   0x00000002   Code   RO          136    i.Duty_10ms         loop.o
    0x08003860   0x00000010   Code   RO          137    i.Duty_20ms         loop.o
    0x08003870   0x0000007c   Code   RO          138    i.Duty_2ms          loop.o
    0x080038ec   0x00000012   Code   RO          139    i.Duty_50ms         loop.o
    0x080038fe   0x00000002   PAD
    0x08003900   0x00000040   Code   RO          140    i.Duty_6ms          loop.o
    0x08003940   0x00000024   Code   RO         4027    i.EP1_OUT_Callback  usb_endp.o
    0x08003964   0x00000018   Code   RO         4028    i.EP2_IN_Callback   usb_endp.o
    0x0800397c   0x0000000c   Code   RO         3940    i.Enter_LowPowerMode  usb_config.o
    0x08003988   0x0000004c   Code   RO         2000    i.FLASH_ErasePage   stm32f10x_flash.o
    0x080039d4   0x00000034   Code   RO         2001    i.FLASH_GetBank1Status  stm32f10x_flash.o
    0x08003a08   0x00000040   Code   RO         2013    i.FLASH_ProgramHalfWord  stm32f10x_flash.o
    0x08003a48   0x00000018   Code   RO         2018    i.FLASH_Unlock      stm32f10x_flash.o
    0x08003a60   0x00000026   Code   RO         2022    i.FLASH_WaitForLastOperation  stm32f10x_flash.o
    0x08003a86   0x00000116   Code   RO         2175    i.GPIO_Init         stm32f10x_gpio.o
    0x08003b9c   0x00000090   Code   RO         2177    i.GPIO_PinRemapConfig  stm32f10x_gpio.o
    0x08003c2c   0x00000004   Code   RO         2182    i.GPIO_ResetBits    stm32f10x_gpio.o
    0x08003c30   0x00000004   Code   RO         2183    i.GPIO_SetBits      stm32f10x_gpio.o
    0x08003c34   0x00000020   Code   RO         3598    i.GetEPRxAddr       usb_regs.o
    0x08003c54   0x00000020   Code   RO         3601    i.GetEPTxAddr       usb_regs.o
    0x08003c74   0x00000044   Code   RO         1156    i.GetSysTime_us     bsp_systick.o
    0x08003cb8   0x00000048   Code   RO         3941    i.Get_SerialNum     usb_config.o
    0x08003d00   0x0000003c   Code   RO         1208    i.I2c_Soft_Ask      i2c_soft.o
    0x08003d3c   0x00000048   Code   RO         1209    i.I2c_Soft_Init     i2c_soft.o
    0x08003d84   0x0000003c   Code   RO         1210    i.I2c_Soft_NoAsk    i2c_soft.o
    0x08003dc0   0x00000068   Code   RO         1211    i.I2c_Soft_ReadByte  i2c_soft.o
    0x08003e28   0x0000005c   Code   RO         1212    i.I2c_Soft_SendByte  i2c_soft.o
    0x08003e84   0x00000060   Code   RO         1213    i.I2c_Soft_Start    i2c_soft.o
    0x08003ee4   0x0000003c   Code   RO         1214    i.I2c_Soft_Stop     i2c_soft.o
    0x08003f20   0x0000005c   Code   RO         1215    i.I2c_Soft_WaitAsk  i2c_soft.o
    0x08003f7c   0x0000000a   Code   RO         1216    i.I2c_Soft_delay    i2c_soft.o
    0x08003f86   0x00000002   PAD
    0x08003f88   0x00000074   Code   RO         1218    i.IIC_Read_nByte    i2c_soft.o
    0x08003ffc   0x0000003e   Code   RO         1219    i.IIC_Write_1Byte   i2c_soft.o
    0x0800403a   0x00000042   Code   RO          894    i.IICwriteBit       ano_drv_mpu6050.o
    0x0800407c   0x00000066   Code   RO          895    i.IICwriteBits      ano_drv_mpu6050.o
    0x080040e2   0x00000002   PAD
    0x080040e4   0x000007d0   Code   RO          466    i.IMU_update        ano_imu.o
    0x080048b4   0x00000070   Code   RO         3365    i.In0_Process       usb_core.o
    0x08004924   0x0000004c   Code   RO          839    i.LED_1ms_DRV       ano_drv_led.o
    0x08004970   0x00000094   Code   RO          840    i.LED_Dyty          ano_drv_led.o
    0x08004a04   0x00000064   Code   RO          395    i.LPF_1             filter.o
    0x08004a68   0x00000020   Code   RO         3942    i.Leave_LowPowerMode  usb_config.o
    0x08004a88   0x00000064   Code   RO          141    i.Loop_check        loop.o
    0x08004aec   0x000001f0   Code   RO          896    i.MPU6050_Data_Offset  ano_drv_mpu6050.o
    0x08004cdc   0x00000384   Code   RO          897    i.MPU6050_Data_Prepare  ano_drv_mpu6050.o
    0x08005060   0x00000002   Code   RO          898    i.MPU6050_INT_Config  ano_drv_mpu6050.o
    0x08005062   0x00000002   PAD
    0x08005064   0x000000f4   Code   RO          899    i.MPU6050_Init      ano_drv_mpu6050.o
    0x08005158   0x00000014   Code   RO          900    i.MPU6050_Read      ano_drv_mpu6050.o
    0x0800516c   0x00000014   Code   RO          901    i.MPU6050_setClockSource  ano_drv_mpu6050.o
    0x08005180   0x00000014   Code   RO          902    i.MPU6050_setDLPF   ano_drv_mpu6050.o
    0x08005194   0x00000024   Code   RO          903    i.MPU6050_setFullScaleAccelRange  ano_drv_mpu6050.o
    0x080051b8   0x00000024   Code   RO          904    i.MPU6050_setFullScaleGyroRange  ano_drv_mpu6050.o
    0x080051dc   0x00000012   Code   RO          905    i.MPU6050_setI2CBypassEnabled  ano_drv_mpu6050.o
    0x080051ee   0x00000012   Code   RO          906    i.MPU6050_setI2CMasterModeEnabled  ano_drv_mpu6050.o
    0x08005200   0x00000012   Code   RO          907    i.MPU6050_setSleepEnabled  ano_drv_mpu6050.o
    0x08005212   0x0000001c   Code   RO          908    i.MPU6050_set_SMPLRT_DIV  ano_drv_mpu6050.o
    0x0800522e   0x00000002   Code   RO         3366    i.NOP_Process       usb_core.o
    0x08005230   0x00000034   Code   RO         1476    i.NRF_Read_Buf      nrf24l01.o
    0x08005264   0x0000001e   Code   RO         1477    i.NRF_Read_Reg      nrf24l01.o
    0x08005282   0x00000032   Code   RO         1479    i.NRF_Write_Buf     nrf24l01.o
    0x080052b4   0x00000020   Code   RO         1480    i.NRF_Write_Reg     nrf24l01.o
    0x080052d4   0x00000070   Code   RO         1608    i.NVIC_Init         misc.o
    0x08005344   0x00000014   Code   RO         1609    i.NVIC_PriorityGroupConfig  misc.o
    0x08005358   0x00000144   Code   RO         3367    i.NoData_Setup0     usb_core.o
    0x0800549c   0x00000044   Code   RO         1481    i.Nrf24l01_Check    nrf24l01.o
    0x080054e0   0x00000100   Code   RO         1482    i.Nrf24l01_Init     nrf24l01.o
    0x080055e0   0x00000058   Code   RO         1483    i.Nrf_Check_Event   nrf24l01.o
    0x08005638   0x00000050   Code   RO         3368    i.Out0_Process      usb_core.o
    0x08005688   0x00000034   Code   RO          494    i.PID_Save_Overtime  ano_param.o
    0x080056bc   0x000001e0   Code   RO          383    i.PID_calculate     ano_pid.o
    0x0800589c   0x00000028   Code   RO         3561    i.PMAToUserBufferCopy  usb_mem.o
    0x080058c4   0x00000044   Code   RO         1415    i.PWM_GPIO_Config   ano_motor.o
    0x08005908   0x000000cc   Code   RO         1416    i.PWM_Mode_Config   ano_motor.o
    0x080059d4   0x00000048   Code   RO         3369    i.Post0_Process     usb_core.o
    0x08005a1c   0x00000040   Code   RO         4195    i.PowerOn           usb_pwr.o
    0x08005a5c   0x00000018   Code   RO         2283    i.RCC_ADCCLKConfig  stm32f10x_rcc.o
    0x08005a74   0x00000020   Code   RO         2284    i.RCC_AHBPeriphClockCmd  stm32f10x_rcc.o
    0x08005a94   0x00000020   Code   RO         2285    i.RCC_APB1PeriphClockCmd  stm32f10x_rcc.o
    0x08005ab4   0x00000020   Code   RO         2287    i.RCC_APB2PeriphClockCmd  stm32f10x_rcc.o
    0x08005ad4   0x000000d4   Code   RO         2295    i.RCC_GetClocksFreq  stm32f10x_rcc.o
    0x08005ba8   0x00000048   Code   RO          646    i.RC_duty           ano_rc.o
    0x08005bf0   0x000000b0   Code   RO         4196    i.Resume            usb_pwr.o
    0x08005ca0   0x00000024   Code   RO         4197    i.Resume_Init       usb_pwr.o
    0x08005cc4   0x00000018   Code   RO         2488    i.SPI_Cmd           stm32f10x_spi.o
    0x08005cdc   0x00000012   Code   RO         2496    i.SPI_I2S_GetFlagStatus  stm32f10x_spi.o
    0x08005cee   0x00000006   Code   RO         2499    i.SPI_I2S_ReceiveData  stm32f10x_spi.o
    0x08005cf4   0x00000004   Code   RO         2500    i.SPI_I2S_SendData  stm32f10x_spi.o
    0x08005cf8   0x0000003c   Code   RO         2501    i.SPI_Init          stm32f10x_spi.o
    0x08005d34   0x00000010   Code   RO         3609    i.SetBTABLE         usb_regs.o
    0x08005d44   0x0000004c   Code   RO         3370    i.SetDeviceAddress  usb_core.o
    0x08005d90   0x00000024   Code   RO         3623    i.SetEPRxAddr       usb_regs.o
    0x08005db4   0x0000004c   Code   RO         3624    i.SetEPRxCount      usb_regs.o
    0x08005e00   0x00000038   Code   RO         3625    i.SetEPRxStatus     usb_regs.o
    0x08005e38   0x0000002c   Code   RO         3626    i.SetEPRxValid      usb_regs.o
    0x08005e64   0x00000020   Code   RO         3627    i.SetEPTxAddr       usb_regs.o
    0x08005e84   0x0000001c   Code   RO         3628    i.SetEPTxCount      usb_regs.o
    0x08005ea0   0x00000038   Code   RO         3629    i.SetEPTxStatus     usb_regs.o
    0x08005ed8   0x00000024   Code   RO         3631    i.SetEPType         usb_regs.o
    0x08005efc   0x00000008   Code   RO         1561    i.SetSysClock       system_stm32f10x.o
    0x08005f04   0x000000e0   Code   RO         1562    i.SetSysClockTo72   system_stm32f10x.o
    0x08005fe4   0x000000b0   Code   RO         3371    i.Setup0_Process    usb_core.o
    0x08006094   0x0000015c   Code   RO         3372    i.Standard_ClearFeature  usb_core.o
    0x080061f0   0x0000002c   Code   RO         3373    i.Standard_GetConfiguration  usb_core.o
    0x0800621c   0x00000024   Code   RO         3374    i.Standard_GetDescriptorData  usb_core.o
    0x08006240   0x0000002c   Code   RO         3375    i.Standard_GetInterface  usb_core.o
    0x0800626c   0x000000f0   Code   RO         3376    i.Standard_GetStatus  usb_core.o
    0x0800635c   0x00000048   Code   RO         3377    i.Standard_SetConfiguration  usb_core.o
    0x080063a4   0x00000028   Code   RO         3378    i.Standard_SetDeviceFeature  usb_core.o
    0x080063cc   0x000000c0   Code   RO         3379    i.Standard_SetEndPointFeature  usb_core.o
    0x0800648c   0x0000006c   Code   RO         3380    i.Standard_SetInterface  usb_core.o
    0x080064f8   0x00000028   Code   RO         4198    i.Suspend           usb_pwr.o
    0x08006520   0x00000008   Code   RO         1103    i.SysTick_Handler   stm32f10x_it.o
    0x08006528   0x0000001c   Code   RO         1157    i.SysTick_IRQ       bsp_systick.o
    0x08006544   0x00000060   Code   RO         1564    i.SystemInit        system_stm32f10x.o
    0x080065a4   0x00000018   Code   RO         2631    i.TIM_ARRPreloadConfig  stm32f10x_tim.o
    0x080065bc   0x00000018   Code   RO         2643    i.TIM_Cmd           stm32f10x_tim.o
    0x080065d4   0x00000098   Code   RO         2672    i.TIM_OC1Init       stm32f10x_tim.o
    0x0800666c   0x00000012   Code   RO         2675    i.TIM_OC1PreloadConfig  stm32f10x_tim.o
    0x0800667e   0x00000002   PAD
    0x08006680   0x000000a4   Code   RO         2677    i.TIM_OC2Init       stm32f10x_tim.o
    0x08006724   0x0000001a   Code   RO         2680    i.TIM_OC2PreloadConfig  stm32f10x_tim.o
    0x0800673e   0x00000002   PAD
    0x08006740   0x000000a4   Code   RO         2714    i.TIM_TimeBaseInit  stm32f10x_tim.o
    0x080067e4   0x000000cc   Code   RO         1042    i.USART1_Config     ano_drv_uart.o
    0x080068b0   0x00000008   Code   RO         1104    i.USART1_IRQHandler  stm32f10x_it.o
    0x080068b8   0x00000002   Code   RO         1105    i.USART3_IRQHandler  stm32f10x_it.o
    0x080068ba   0x00000012   Code   RO         3175    i.USART_ClearFlag   stm32f10x_usart.o
    0x080068cc   0x00000022   Code   RO         3177    i.USART_ClockInit   stm32f10x_usart.o
    0x080068ee   0x00000018   Code   RO         3179    i.USART_Cmd         stm32f10x_usart.o
    0x08006906   0x0000001a   Code   RO         3182    i.USART_GetFlagStatus  stm32f10x_usart.o
    0x08006920   0x00000054   Code   RO         3183    i.USART_GetITStatus  stm32f10x_usart.o
    0x08006974   0x0000004a   Code   RO         3185    i.USART_ITConfig    stm32f10x_usart.o
    0x080069be   0x00000002   PAD
    0x080069c0   0x000000d8   Code   RO         3186    i.USART_Init        stm32f10x_usart.o
    0x08006a98   0x00000002   Code   RO         3944    i.USB_Cable_Config  usb_config.o
    0x08006a9a   0x00000002   Code   RO         1106    i.USB_HP_CAN1_TX_IRQHandler  stm32f10x_it.o
    0x08006a9c   0x000000f8   Code   RO         4060    i.USB_Istr          usb_istr.o
    0x08006b94   0x00000008   Code   RO         1107    i.USB_LP_CAN1_RX0_IRQHandler  stm32f10x_it.o
    0x08006b9c   0x00000038   Code   RO         3562    i.UserToPMABufferCopy  usb_mem.o
    0x08006bd4   0x00000028   Code   RO         4309    i.__ARM_fpclassify  m_ws.l(fpclassify.o)
    0x08006bfc   0x000000aa   Code   RO         4311    i.__kernel_poly     m_ws.l(poly.o)
    0x08006ca6   0x00000002   PAD
    0x08006ca8   0x00000010   Code   RO         4307    i.__mathlib_dbl_underflow  m_ws.l(dunder.o)
    0x08006cb8   0x0000000e   Code   RO         4356    i.__scatterload_copy  mc_w.l(handlers.o)
    0x08006cc6   0x00000002   Code   RO         4357    i.__scatterload_null  mc_w.l(handlers.o)
    0x08006cc8   0x0000000e   Code   RO         4358    i.__scatterload_zeroinit  mc_w.l(handlers.o)
    0x08006cd6   0x00000002   PAD
    0x08006cd8   0x0000000c   Code   RO         4334    i.__set_errno       mc_w.l(errno.o)
    0x08006ce4   0x0000027c   Code   RO         4237    i.asin              m_ws.l(asin.o)
    0x08006f60   0x00000024   Code   RO         1158    i.cycleCounterInit  bsp_systick.o
    0x08006f84   0x00000020   Code   RO          647    i.fail_safe         ano_rc.o
    0x08006fa4   0x00000048   Code   RO          648    i.fail_safe_check   ano_rc.o
    0x08006fec   0x0000016c   Code   RO         1297    i.fast_atan2        mymath.o
    0x08007158   0x0000000c   Code   RO         1417    i.g_v_PwmInit       ano_motor.o
    0x08007164   0x000000f0   Code   RO          714    i.g_v_ReceiveData   receive.o
    0x08007254   0x0000004c   Code   RO         1046    i.g_v_Uart1PutBuf   ano_drv_uart.o
    0x080072a0   0x0000009c   Code   RO         1047    i.g_v_Uart1_IRQ     ano_drv_uart.o
    0x0800733c   0x0000000a   Code   RO          257    i.headless_mode     ano_ctrl.o
    0x08007346   0x00000002   PAD
    0x08007348   0x00000128   Code   RO          841    i.led_breath        ano_drv_led.o
    0x08007470   0x000000b4   Code   RO          842    i.led_flash         ano_drv_led.o
    0x08007524   0x00000058   Code   RO          400    i.limit_filter      filter.o
    0x0800757c   0x0000000c   Code   RO            1    i.main              main.o
    0x08007588   0x00000080   Code   RO          142    i.main_loop         loop.o
    0x08007608   0x000000d4   Code   RO          258    i.motor_ctrl        ano_ctrl.o
    0x080076dc   0x00000050   Code   RO         1418    i.motor_out         ano_motor.o
    0x0800772c   0x00000070   Code   RO          909    i.mpu_type          ano_drv_mpu6050.o
    0x0800779c   0x00000018   Code   RO         1300    i.my_abs            mymath.o
    0x080077b4   0x00000048   Code   RO         1303    i.my_deadzone       mymath.o
    0x080077fc   0x00000078   Code   RO         1306    i.my_sqrt           mymath.o
    0x08007874   0x00000010   Code   RO          259    i.pid_init          ano_ctrl.o
    0x08007884   0x00000048   Code   RO          910    i.sensor_dir        ano_drv_mpu6050.o
    0x080078cc   0x0000004c   Code   RO         4255    i.sqrt              m_ws.l(sqrt.o)
    0x08007918   0x00000190   Code   RO          402    i.steepest_descend  filter.o
    0x08007aa8   0x000000b8   Code   RO          345    i.sys_init          ano_init.o
    0x08007b60   0x00000090   Code   RO         1382    i.sys_time          time.o
    0x08007bf0   0x000000dc   Code   RO          651    i.unlock            ano_rc.o
    0x08007ccc   0x0000011c   Code   RO          696    i.voltage_check     ano_voltage.o
    0x08007de8   0x00000086   Data   RO         4014    .constdata          usb_desc.o
    0x08007e6e   0x00000002   PAD
    0x08007e70   0x00000050   Data   RO         4238    .constdata          m_ws.l(asin.o)
    0x08007ec0   0x00000020   Data   RO         4354    Region$$Table       anon$$obj.o


    Execution Region RW_IRAM1 (Base: 0x20000000, Size: 0x000014a0, Max: 0x00005000, ABSOLUTE, COMPRESSED[0x000004c0])

    Base Addr    Size         Type   Attr      Idx    E Section Name        Object

    0x20000000   0x0000003d   Data   RW          261    .data               ano_ctrl.o
    0x2000003d   0x00000001   Data   RW          346    .data               ano_init.o
    0x2000003e   0x00000002   PAD
    0x20000040   0x00000010   Data   RW          371    .data               ano_data.o
    0x20000050   0x0000008c   Data   RW          469    .data               ano_imu.o
    0x200000dc   0x00000002   Data   RW          496    .data               ano_param.o
    0x200000de   0x0000000d   Data   RW          546    .data               ano_data_transfer.o
    0x200000eb   0x00000001   PAD
    0x200000ec   0x00000010   Data   RW          653    .data               ano_rc.o
    0x200000fc   0x00000002   Data   RW          697    .data               ano_voltage.o
    0x200000fe   0x00000001   Data   RW          716    .data               receive.o
    0x200000ff   0x00000001   PAD
    0x20000100   0x00000004   Data   RW          736    .data               ano_drv_adc.o
    0x20000104   0x00000012   Data   RW          843    .data               ano_drv_led.o
    0x20000116   0x0000000c   Data   RW          912    .data               ano_drv_mpu6050.o
    0x20000122   0x0000000c   Data   RW         1050    .data               ano_drv_uart.o
    0x2000012e   0x00000002   PAD
    0x20000130   0x00000008   Data   RW         1159    .data               bsp_systick.o
    0x20000138   0x00000001   Data   RW         1221    .data               i2c_soft.o
    0x20000139   0x00000003   PAD
    0x2000013c   0x00000404   Data   RW         1307    .data               mymath.o
    0x20000540   0x00000008   Data   RW         1383    .data               time.o
    0x20000548   0x0000000b   Data   RW         1486    .data               nrf24l01.o
    0x20000553   0x00000001   PAD
    0x20000554   0x00000014   Data   RW         1565    .data               system_stm32f10x.o
    0x20000568   0x00000014   Data   RW         2315    .data               stm32f10x_rcc.o
    0x2000057c   0x00000003   Data   RW         3381    .data               usb_core.o
    0x2000057f   0x00000001   PAD
    0x20000580   0x00000014   Data   RW         3510    .data               usb_init.o
    0x20000594   0x00000004   Data   RW         3533    .data               usb_int.o
    0x20000598   0x0000001a   Data   RW         4015    .data               usb_desc.o
    0x200005b2   0x00000001   Data   RW         4030    .data               usb_endp.o
    0x200005b3   0x00000001   PAD
    0x200005b4   0x0000003c   Data   RW         4061    .data               usb_istr.o
    0x200005f0   0x0000009c   Data   RW         4097    .data               usb_prop.o
    0x2000068c   0x00000007   Data   RW         4199    .data               usb_pwr.o
    0x20000693   0x00000001   PAD
    0x20000694   0x00000004   Data   RW         4335    .data               mc_w.l(errno.o)
    0x20000698   0x0000003c   Zero   RW          143    .bss                loop.o
    0x200006d4   0x00000210   Zero   RW          260    .bss                ano_ctrl.o
    0x200008e4   0x0000000c   Zero   RW          468    .bss                ano_imu.o
    0x200008f0   0x000000a0   Zero   RW          495    .bss                ano_param.o
    0x20000990   0x00000077   Zero   RW          545    .bss                ano_data_transfer.o
    0x20000a07   0x00000001   PAD
    0x20000a08   0x00000020   Zero   RW          652    .bss                ano_rc.o
    0x20000a28   0x00000014   Zero   RW          715    .bss                receive.o
    0x20000a3c   0x00000140   Zero   RW          792    .bss                ano_drv_hid.o
    0x20000b7c   0x00000328   Zero   RW          911    .bss                ano_drv_mpu6050.o
    0x20000ea4   0x00000120   Zero   RW         1049    .bss                ano_drv_uart.o
    0x20000fc4   0x00000080   Zero   RW         1485    .bss                nrf24l01.o
    0x20001044   0x0000001c   Zero   RW         3509    .bss                usb_init.o
    0x20001060   0x00000040   Zero   RW         4029    .bss                usb_endp.o
    0x200010a0   0x00000400   Zero   RW         3355    STACK               startup_stm32f10x_md.o


==============================================================================

Image component sizes


      Code (inc. data)   RO Data    RW Data    ZI Data      Debug   Object Name

      2986        348          0         61        528      10453   ano_ctrl.o
         0          0          0         16          0        930   ano_data.o
      4688        198          0         13        119      13115   ano_data_transfer.o
       300         22          0          4          0       2025   ano_drv_adc.o
       172         10          0          0          0       1807   ano_drv_flash.o
         0          0          0          0        320        755   ano_drv_hid.o
       796         86          0         18          0       4000   ano_drv_led.o
      2208        130          0         12        808      21891   ano_drv_mpu6050.o
       272         32          0          0          0       1960   ano_drv_spi.o
       436         44          0         12        288       2955   ano_drv_uart.o
      2000         60          0        140         12       2619   ano_imu.o
       184         16          0          1          0      15999   ano_init.o
       364         26          0          0          0       2382   ano_motor.o
       240         18          0          2        160       3011   ano_param.o
       480         12          0          0          0       1172   ano_pid.o
       396         42          0         16         32       3196   ano_rc.o
       284         22          0          2          0        770   ano_voltage.o
       182         26          0          8          0       2871   bsp_systick.o
         0          0          0          0          0         32   core_cm3.o
       588          6          0          0          0       2590   filter.o
       824         44          0          1          0       6287   i2c_soft.o
       452         48          0          0         60       6232   loop.o
        12          0          0          0          0     287657   main.o
       132         22          0          0          0       1439   misc.o
       580         26          0       1028          0       3208   mymath.o
       576         24          0         11        128       5011   nrf24l01.o
       240         16          0          1         20       1309   receive.o
        36          8        236          0       1024        784   startup_stm32f10x_md.o
       390         10          0          0          0       7029   stm32f10x_adc.o
       416          8          0          0          0       3298   stm32f10x_dma.o
       254         24          0          0          0       2773   stm32f10x_flash.o
       430          6          0          0          0       3690   stm32f10x_gpio.o
        28          0          0          0          0       2159   stm32f10x_it.o
       332         44          0         20          0       5329   stm32f10x_rcc.o
       112          0          0          0          0       3618   stm32f10x_spi.o
       572         72          0          0          0       4654   stm32f10x_tim.o
       476          6          0          0          0       5940   stm32f10x_usart.o
       328         28          0         20          0       2137   system_stm32f10x.o
       144         18          0          8          0        734   time.o
       118         24          0          0          0       2389   usb_config.o
      3010        288          0          3          0      16031   usb_core.o
         0          0        134         26          0        992   usb_desc.o
        60         12          0          1         64       1496   usb_endp.o
         0          0          0         20         28       3439   usb_init.o
       808         34          0          4          0       1581   usb_int.o
       248         26          0         60          0       1228   usb_istr.o
        96         10          0          0          0       1588   usb_mem.o
       654        116          0        156          0      11793   usb_prop.o
       316         38          0          7          0       3242   usb_pwr.o
       592         90          0          0          0       7781   usb_regs.o

    ----------------------------------------------------------------------
     28832       2140        404       1684       3592     499381   Object Totals
         0          0         32          0          0          0   (incl. Generated)
        20          0          2         13          1          0   (incl. Padding)

    ----------------------------------------------------------------------

      Code (inc. data)   RO Data    RW Data    ZI Data      Debug   Library Member Name

       636         52         80          0          0        168   asin.o
        16          6          0          0          0         68   dunder.o
        40          0          0          0          0         68   fpclassify.o
       170          0          0          0          0         96   poly.o
        76          0          0          0          0         84   sqrt.o
        86          0          0          0          0          0   __dczerorl2.o
         0          0          0          0          0          0   entry.o
         0          0          0          0          0          0   entry10a.o
         0          0          0          0          0          0   entry11a.o
         8          4          0          0          0          0   entry2.o
         4          0          0          0          0          0   entry5.o
         0          0          0          0          0          0   entry7b.o
         0          0          0          0          0          0   entry8b.o
         8          4          0          0          0          0   entry9a.o
        12          6          0          4          0         68   errno.o
        30          0          0          0          0          0   handlers.o
        36          8          0          0          0         68   init.o
         0          0          0          0          0          0   iusefp.o
        30          0          0          0          0         68   llshl.o
        36          0          0          0          0         68   llsshr.o
        32          0          0          0          0         68   llushr.o
        20          0          0          0          0         68   cfcmple.o
        20          0          0          0          0         68   cfrcmple.o
        56          0          0          0          0         88   d2f.o
       334          0          0          0          0        148   dadd.o
       222          0          0          0          0        100   ddiv.o
       182          0          0          0          0        176   depilogue.o
       228          0          0          0          0         96   dmul.o
        46          0          0          0          0         80   dscalb.o
       162          0          0          0          0        100   dsqrt.o
        38          0          0          0          0         68   f2d.o
       176          0          0          0          0        140   fadd.o
       124          0          0          0          0         88   fdiv.o
       110          0          0          0          0        168   fepilogue.o
        50          0          0          0          0         68   ffixi.o
        40          0          0          0          0         68   ffixui.o
        18          0          0          0          0         68   fflti.o
        10          0          0          0          0         68   ffltui.o
       100          0          0          0          0         76   fmul.o

    ----------------------------------------------------------------------
      3164         80         80          4          0       2560   Library Totals
         8          0          0          0          0          0   (incl. Padding)

    ----------------------------------------------------------------------

      Code (inc. data)   RO Data    RW Data    ZI Data      Debug   Library Name

       938         58         80          0          0        484   m_ws.l
       282         22          0          4          0        340   mc_w.l
      1936          0          0          0          0       1736   mf_w.l

    ----------------------------------------------------------------------
      3164         80         80          4          0       2560   Library Totals

    ----------------------------------------------------------------------

==============================================================================


      Code (inc. data)   RO Data    RW Data    ZI Data      Debug   

     31996       2220        484       1688       3592     488861   Grand Totals
     31996       2220        484       1216       3592     488861   ELF Image Totals (compressed)
     31996       2220        484       1216          0          0   ROM Totals

==============================================================================

    Total RO  Size (Code + RO Data)                32480 (  31.72kB)
    Total RW  Size (RW Data + ZI Data)              5280 (   5.16kB)
    Total ROM Size (Code + RO Data + RW Data)      33696 (  32.91kB)

==============================================================================

